MAP
    # the following two lines tell MapServer to write debugging output to a log file.  Remove the '#' from the beginning
    # of the two lines below to enable this logging:
    # CONFIG "MS_ERRORFILE" "../var/log/ewsmonthly.log"
    #DEBUG 5

    # all temp files get prefixed with this string
    NAME ms_rlayers

    #jdm:added to accomodate map layers
    #see http://trac.osgeo.org/mapserver/ticket/3055
    MAXSIZE 3072    
    
    # background color of image if transparency
    # is not requested
    IMAGECOLOR 255 255 255

    # default output image dimensions
    SIZE 1200 1000

    # always returns a map
    STATUS ON

    # set top level projection
    PROJECTION
     "init=epsg:4326"
    END

    # image format options
    OUTPUTFORMAT
        NAME "GEOTIFF"
        DRIVER "GDAL/GTiff"
        MIMETYPE "image/geotiff"
        IMAGEMODE "BYTE"
        EXTENSION "tif"
    END

    # minx miny maxx maxy
    # sets:
    # /WMT_MS_Capabilities/Capability/Layer/LatLonBoundingBox(@minx @miny @maxx @maxx)
    EXTENT -180 -90 180 90 # World

    # add def pointers for symbols
    SYMBOLSET "./symbols/symbols35.sym"
    FONTSET   "./fonts/fonts.list"

    #
    # Start of web interface definition
    WEB
        # this is the real filepath to the temp dir for intermediate file creation
        IMAGEPATH "./tmp"
        # this is the web-accessible path to IMAGEPATH
        IMAGEURL "/tmp/"
        HEADER "./templates/query_header.html"
        FOOTER "./templates/query_footer.html"
        METADATA
            "ows_enable_request"     "*"
            "wms_title"              "rlayers"
            "wms_abstract"           "rlayers"
            "wms_onlineresource"     "%(SERVICE_URL)s"
            "wms_srs"                "EPSG:4326 EPSG:2163 EPSG:3785 EPSG:900913"
        END
    END

    QUERYMAP
        STATUS OFF
    END

    # set defaults for GetLegendGraphic requests 
    LEGEND
      KEYSIZE 154 297
    END

    LAYER
		NAME "B7DIFF"
		STATUS ON
		TYPE RASTER
		TILEINDEX "data/band7_index.shp"
		TILEITEM "location"
		HEADER   ./templates/layer_query_header.html
        TEMPLATE ./templates/layer_query_body.html
		PROJECTION
			"proj=aea"
			"lat_1=29.5"
			"lat_2=45.5"
			"lat_0=23"
			"lon_0=-96"
			"x_0=0"
			"y_0=0"
			"datum=NAD83"
			"units=m"
			"no_defs"
        END
		CLASS
			#NAME "Values -119 to 0"
			EXPRESSION ([pixel] >= -119 AND [pixel] < 0)
			STYLE
				COLORRANGE 179 0 0 254 240 217
				DATARANGE -119 -1
				RANGEITEM "pixel"
			END
		END
		CLASS
			#NAME "Values 0 to 255"
			EXPRESSION ([pixel] >= 0 AND [pixel] < 255)
			STYLE
				COLORRANGE 161 218 180 37 52 148
				DATARANGE 0 254
				RANGEITEM "pixel"
			END
		END        
        METADATA
                "wms_title"             "B7DIFF"
                "wms_abstract"          "B7DIFF"
                "gml_include_items"     "value_0"
        END  # end METADATA
	END # end LAYER	
	LAYER
		NAME "B7DIFFM"
		STATUS ON
		TYPE RASTER
		HEADER   ./templates/layer_query_header.html
        TEMPLATE ./templates/layer_query_body.html
		DATA "data/b7diffmerged.TIF"
		PROJECTION
			"proj=aea"
			"lat_1=29.5"
			"lat_2=45.5"
			"lat_0=23"
			"lon_0=-96"
			"x_0=0"
			"y_0=0"
			"datum=NAD83"
			"units=m"
			"no_defs"
        END
		CLASS
			#NAME "Values -119 to 0"
			EXPRESSION ([pixel] >= -119 AND [pixel] < 0)
			STYLE
				COLORRANGE 179 0 0 254 240 217
				DATARANGE -119 -1
				RANGEITEM "pixel"
			END
		END
		CLASS
			#NAME "Values 0 to 255"
			EXPRESSION ([pixel] >= 0 AND [pixel] < 255)
			STYLE
				COLORRANGE 161 218 180 37 52 148
				DATARANGE 0 254
				RANGEITEM "pixel"
			END
		END
		#OFFSITE 255 255 255
        METADATA
            "wms_title"             "B7DIFFMERGE"
            "wms_abstract"          ""
            "gml_include_items"     "value_0"
        END  # end METADATA	
	END # end LAYER
	LAYER
		NAME "SEB7DIFFM"
		STATUS ON
		TYPE RASTER
		HEADER   ./templates/layer_query_header.html
                TEMPLATE ./templates/layer_query_body.html
		#DATA "/fsdata1/lsfdata/b7DiffAEA/b7DiffAEA.tif"
		DATA "/fsdata1/lsfdata/b7DiffAEA/ovr/b7DiffAEAOVR.tif"
		PROJECTION
			"proj=aea"
			"lat_1=29.5"
			"lat_2=45.5"
			"lat_0=23"
			"lon_0=-96"
			"x_0=0"
			"y_0=0"
			"datum=NAD83"
			"units=m"
			"no_defs"
        END
		CLASS
			#NAME "Values -119 to 0"
			EXPRESSION ([pixel] >= -119 AND [pixel] < 0)
			STYLE
				COLORRANGE 179 0 0 254 240 217
				DATARANGE -119 -1
				RANGEITEM "pixel"
			END
		END
		CLASS
			#NAME "Values 0 to 255"
			EXPRESSION ([pixel] >= 0 AND [pixel] < 255)
			STYLE
				COLORRANGE 161 218 180 37 52 148
				DATARANGE 0 254
				RANGEITEM "pixel"
			END
		END        
		OFFSITE 255 255 255
        METADATA
            "wms_title"             "SEB7DIFFM"
            "wms_abstract"          "SEB7DIFFM"
            "gml_include_items"     "value_0"
        END  # end METADATA	
	END # end LAYER   
	LAYER
		NAME "SEB7DIFF_TINDEX"
		STATUS ON
		TYPE RASTER
		TILEINDEX "/fsdata1/lsfdata/b7DiffAEA/b7difftindex.shp"
		TILEITEM "location"
		HEADER   ./templates/layer_query_header.html
        TEMPLATE ./templates/layer_query_body.html
		PROJECTION 
			"proj=merc"
			"lon_0=0"
			"k=1"
			"x_0=0"
			"y_0=0"
			"datum=WGS84"
			"units=m"
			"no_defs"
		END
		CLASS
			#NAME "Values -119 to 0"
			EXPRESSION ([pixel] >= -119 AND [pixel] < 0)
			STYLE
				COLORRANGE 179 0 0 254 240 217
				DATARANGE -119 -1
				RANGEITEM "pixel"
			END
		END
		CLASS
			#NAME "Values 0 to 255"
			EXPRESSION ([pixel] >= 0 AND [pixel] < 255)
			STYLE
				COLORRANGE 161 218 180 37 52 148
				DATARANGE 0 254
				RANGEITEM "pixel"
			END
		END        
        METADATA
                "wms_title"             "SEB7DIFF_TINDEX"
                "wms_abstract"          "SEB7DIFF_TINDEX"
                "gml_include_items"     "value_0"
        END  # end METADATA
	END # end LAYER
	LAYER
		NAME "b7DiffAEA3857"
		STATUS ON
		TYPE RASTER
		HEADER   ./templates/layer_query_header.html
        TEMPLATE ./templates/layer_query_body.html
		DATA "/fsdata1/lsfdata/b7DiffAEA/b7DiffAEA3857.tif"
		PROJECTION
            "proj=merc" 
            "a=6378137" 
            "b=6378137" 
            "lat_ts=0.0" 
            "lon_0=0.0" 
            "x_0=0.0" 
            "y_0=0" 
            "k=1.0" 
            "units=m" 
            "nadgrids=@null" 
            "wktext"  
            "no_defs"			
        END
		CLASS
			#NAME "Values -119 to 0"
			EXPRESSION ([pixel] >= -119 AND [pixel] < 0)
			STYLE
				COLORRANGE 179 0 0 254 240 217
				DATARANGE -119 -1
				RANGEITEM "pixel"
			END
		END
		CLASS
			#NAME "Values 0 to 255"
			EXPRESSION ([pixel] >= 0 AND [pixel] < 255)
			STYLE
				COLORRANGE 161 218 180 37 52 148
				DATARANGE 0 254
				RANGEITEM "pixel"
			END
		END        
		OFFSITE 255 255 255
        METADATA
            "wms_title"             "SEB7DIFFM"
            "wms_abstract"          "SEB7DIFFM"
            "gml_include_items"     "value_0"
        END  # end METADATA	
	END # end LAYER       
	LAYER
		NAME "B7DIFFM_MASK"
		STATUS ON
		TYPE RASTER
		HEADER   ./templates/layer_query_header.html
        TEMPLATE ./templates/layer_query_body.html
		DATA "data/b7diffmerged.TIF"
		PROJECTION
			"proj=aea"
			"lat_1=29.5"
			"lat_2=45.5"
			"lat_0=23"
			"lon_0=-96"
			"x_0=0"
			"y_0=0"
			"datum=NAD83"
			"units=m"
			"no_defs"
        END
		
		CLASS
			EXPRESSION ([pixel] >= -119 AND [pixel] < 0)
			STYLE
				COLORRANGE 179 0 0 254 240 217
				DATARANGE -119 -1
				RANGEITEM "pixel"
			END
		END
		CLASS
			EXPRESSION ([pixel] >= 0 AND [pixel] < 255)
			STYLE
				COLORRANGE 161 218 180 37 52 148
				DATARANGE 0 254
				RANGEITEM "pixel"
			END
		END
		OFFSITE 255 255 255
        METADATA
            "wms_title"             "B7DIFFMERGE"
            "wms_abstract"          "B7DIFFMERGE"
            "gml_include_items"     "value_0"
        END  # end METADATA	
		MASK cloud-gap-mask
	END # end LAYER
	LAYER
		NAME "B7DIFF_VRT"
		STATUS ON
		TYPE RASTER
		DATA "data/b7diff.vrt"
		PROJECTION
			"proj=aea"
			"lat_1=29.5"
			"lat_2=45.5"
			"lat_0=23"
			"lon_0=-96"
			"x_0=0"
			"y_0=0"
			"datum=NAD83"
			"units=m"
			"no_defs"		
		END
		CLASS
			#NAME "Values -119 to 0"
			EXPRESSION ([pixel] >= -119 AND [pixel] < 0)
			STYLE
				COLORRANGE 179 0 0 254 240 217
				DATARANGE -119 -1
				RANGEITEM "pixel"
			END
		END
		CLASS
			#NAME "Values 0 to 255"
			EXPRESSION ([pixel] >= 0 AND [pixel] < 255)
			STYLE
				COLORRANGE 161 218 180 37 52 148
				DATARANGE 0 254
				RANGEITEM "pixel"
			END
		END
		METADATA
            "wms_title"             "B7DIFF"
            "wms_abstract"          "B7DIFF"
            "gml_include_items"     "value_0"
        END  # end METADATA
	END # end LAYER	
	LAYER
		NAME "SEB7DIFFVRT"
		STATUS ON
		TYPE RASTER
		DATA "/fsdata1/lsfdata/b7DiffAEA/b7DiffAEA.vrt"
		PROJECTION
			"proj=aea"
			"lat_1=29.5"
			"lat_2=45.5"
			"lat_0=23"
			"lon_0=-96"
			"x_0=0"
			"y_0=0"
			"datum=NAD83"
			"units=m"
			"no_defs"		
		END
		CLASS
			#NAME "Values -119 to 0"
			EXPRESSION ([pixel] >= -119 AND [pixel] < 0)
			STYLE
				COLORRANGE 179 0 0 254 240 217
				DATARANGE -119 -1
				RANGEITEM "pixel"
			END
		END
		CLASS
			#NAME "Values 0 to 255"
			EXPRESSION ([pixel] > 0 AND [pixel] < 255)
			STYLE
				COLORRANGE 161 218 180 37 52 148
				DATARANGE 0 254
				RANGEITEM "pixel"
			END
		END        
		METADATA
            "wms_title"             "B7DIFF"
            "wms_abstract"          "B7DIFF"
            "gml_include_items"     "value_0"
        END  # end METADATA
	END # end LAYER	    
	LAYER
		NAME "cloud-gap-mask"
		STATUS ON
		TYPE RASTER
		DATA "data/mask/mask_mosaic_12_19nd.tif"
		PROJECTION
			"proj=aea"
			"lat_1=29.5"
			"lat_2=45.5"
			"lat_0=23"
			"lon_0=-96"
			"x_0=0"
			"y_0=0"
			"datum=NAD83"
			"units=m"
			"no_defs"		
		END
		METADATA
            "wms_title"             "mask"
            "wms_abstract"          "mask"
            "gml_include_items"     "*"
        END  # end METADATA
	END # end LAYER
	LAYER
		NAME "OVRGROUP"
		GROUP "SCALEGROUP"
		MINSCALEDENOM 500000
		#MAXSCALEDENOM 500000
		STATUS ON
		TYPE RASTER
		HEADER   ./templates/layer_query_header.html
                TEMPLATE ./templates/layer_query_body.html
		#DATA "/fsdata1/lsfdata/b7DiffAEA/b7DiffAEA.tif"
		DATA "/fsdata1/lsfdata/b7DiffAEA/ovr/b7DiffAEAOVR.tif"
		PROJECTION
			"proj=aea"
			"lat_1=29.5"
			"lat_2=45.5"
			"lat_0=23"
			"lon_0=-96"
			"x_0=0"
			"y_0=0"
			"datum=NAD83"
			"units=m"
			"no_defs"
        END
		CLASS
			#NAME "Values -119 to 0"
			EXPRESSION ([pixel] >= -119 AND [pixel] < 0)
			STYLE
				COLORRANGE 179 0 0 254 240 217
				DATARANGE -119 -1
				RANGEITEM "pixel"
			END
		END
		CLASS
			#NAME "Values 0 to 255"
			EXPRESSION ([pixel] >= 0 AND [pixel] < 255)
			STYLE
				COLORRANGE 161 218 180 37 52 148
				DATARANGE 0 254
				RANGEITEM "pixel"
			END
		END        
		OFFSITE 255 255 255
        METADATA
            "wms_title"             "OVRGROUP"
            "wms_abstract"          "OVRGROUP"
            "gml_include_items"     "value_0"
        END  # end METADATA	
	END # end LAYER   
	LAYER
		NAME "TINDEXGROUP"
		GROUP "SCALEGROUP"
		MINSCALEDENOM 0
		MAXSCALEDENOM 500000
		STATUS ON
		TYPE RASTER
		TILEINDEX "/fsdata1/lsfdata/b7DiffAEA/quads/b7difftindex.shp"
		TILEITEM "location"
		HEADER   ./templates/layer_query_header.html
        TEMPLATE ./templates/layer_query_body.html
		PROJECTION
			"proj=aea"
			"lat_1=29.5"
			"lat_2=45.5"
			"lat_0=23"
			"lon_0=-96"
			"x_0=0"
			"y_0=0"
			"datum=NAD83"
			"units=m"
			"no_defs"
        END
		CLASS
			#NAME "Values -119 to 0"
			EXPRESSION ([pixel] >= -119 AND [pixel] < 0)
			STYLE
				COLORRANGE 179 0 0 254 240 217
				DATARANGE -119 -1
				RANGEITEM "pixel"
			END
		END
		CLASS
			#NAME "Values 0 to 255"
			EXPRESSION ([pixel] >= 0 AND [pixel] < 255)
			STYLE
				COLORRANGE 161 218 180 37 52 148
				DATARANGE 0 254
				RANGEITEM "pixel"
			END
		END        
        METADATA
                "wms_title"             "TINDEXGROUP"
                "wms_abstract"          "TINDEXGROUP"
                "gml_include_items"     "value_0"
        END  # end METADATA
	END # end LAYER
	LAYER
		NAME "OVRGROUP2"
		GROUP "SCALEGROUP2"
		MINSCALEDENOM 500000
		STATUS ON
		TYPE RASTER
		HEADER   ./templates/layer_query_header.html
                TEMPLATE ./templates/layer_query_body.html
		#DATA "/fsdata1/lsfdata/b7DiffAEA/b7DiffAEA.tif"
		DATA "/fsdata1/lsfdata/b7DiffAEA/ovr/b7DiffAEAOVR.tif"
		PROJECTION
			"proj=aea"
			"lat_1=29.5"
			"lat_2=45.5"
			"lat_0=23"
			"lon_0=-96"
			"x_0=0"
			"y_0=0"
			"datum=NAD83"
			"units=m"
			"no_defs"
        END
		CLASS
			#NAME "Values -119 to 0"
			EXPRESSION ([pixel] >= -119 AND [pixel] < 0)
			STYLE
				COLORRANGE 179 0 0 254 240 217
				DATARANGE -119 -1
				RANGEITEM "pixel"
			END
		END
		CLASS
			#NAME "Values 0 to 255"
			EXPRESSION ([pixel] >= 0 AND [pixel] < 255)
			STYLE
				COLORRANGE 161 218 180 37 52 148
				DATARANGE 0 254
				RANGEITEM "pixel"
			END
		END        
		OFFSITE 255 255 255
        METADATA
            "wms_title"             "OVRGROUP2"
            "wms_abstract"          "OVRGROUP2"
            "gml_include_items"     "value_0"
        END  # end METADATA	
	END # end LAYER
	LAYER
		NAME "VRTGROUP2"
		GROUP "SCALEGROUP2"
		MINSCALEDENOM 0
		MAXSCALEDENOM 500000
		STATUS ON
		TYPE RASTER
		DATA "/fsdata1/lsfdata/b7DiffAEA/b7DiffAEA.vrt"
		PROJECTION
			"proj=aea"
			"lat_1=29.5"
			"lat_2=45.5"
			"lat_0=23"
			"lon_0=-96"
			"x_0=0"
			"y_0=0"
			"datum=NAD83"
			"units=m"
			"no_defs"		
		END
		CLASS
			#NAME "Values -119 to 0"
			EXPRESSION ([pixel] >= -119 AND [pixel] < 0)
			STYLE
				COLORRANGE 179 0 0 254 240 217
				DATARANGE -119 -1
				RANGEITEM "pixel"
			END
		END
		CLASS
			#NAME "Values 0 to 255"
			EXPRESSION ([pixel] >= 0 AND [pixel] < 255)
			STYLE
				COLORRANGE 161 218 180 37 52 148
				DATARANGE 0 254
				RANGEITEM "pixel"
			END
		END        
		METADATA
            "wms_title"             "VRTGROUP2"
            "wms_abstract"          "VRTGROUP2"
            "gml_include_items"     "value_0"
        END  # end METADATA
	END # end LAYER
	LAYER
		NAME "SEB7DIFFM8"
		STATUS ON
		TYPE RASTER
		HEADER   ./templates/layer_query_header.html
        TEMPLATE ./templates/layer_query_body.html
		DATA "/fsdata1/lsfdata/b7DiffAEA8Bit/b7diff8bitm.tif"
		PROJECTION
			"proj=aea"
			"lat_1=29.5"
			"lat_2=45.5"
			"lat_0=23"
			"lon_0=-96"
			"x_0=0"
			"y_0=0"
			"datum=NAD83"
			"units=m"
			"no_defs"
        END
		CLASS
			#NAME "Values -119 to 0"
			EXPRESSION ([pixel] >= -119 AND [pixel] < 0)
			STYLE
				COLORRANGE 179 0 0 254 240 217
				DATARANGE -119 -1
				RANGEITEM "pixel"
			END
		END
		CLASS
			#NAME "Values 0 to 255"
			EXPRESSION ([pixel] >= 0 AND [pixel] < 255)
			STYLE
				COLORRANGE 161 218 180 37 52 148
				DATARANGE 0 254
				RANGEITEM "pixel"
			END
		END        
		OFFSITE 255 255 255
        METADATA
            "wms_title"             "SEB7DIFFM8"
            "wms_abstract"          "SEB7DIFFM8"
            "gml_include_items"     "value_0"
        END  # end METADATA	
	END # end LAYER
	LAYER
		NAME "OVRGROUP8bit"
		GROUP "SCALEGROUP8bit"
		MINSCALEDENOM 500000
		#MAXSCALEDENOM 500000
		STATUS ON
		TYPE RASTER
		HEADER   ./templates/layer_query_header.html
                TEMPLATE ./templates/layer_query_body.html
		#DATA "/fsdata1/lsfdata/b7DiffAEA/b7DiffAEA.tif"
		DATA "/fsdata1/lsfdata/b7DiffAEA8Bit/b7diff8bitm.tif"
		PROJECTION
			"proj=aea"
			"lat_1=29.5"
			"lat_2=45.5"
			"lat_0=23"
			"lon_0=-96"
			"x_0=0"
			"y_0=0"
			"datum=NAD83"
			"units=m"
			"no_defs"
        END
		CLASS
			#NAME "Values -119 to 0"
			EXPRESSION ([pixel] >= -119 AND [pixel] < 0)
			STYLE
				COLORRANGE 179 0 0 254 240 217
				DATARANGE -119 -1
				RANGEITEM "pixel"
			END
		END
		CLASS
			#NAME "Values 0 to 255"
			EXPRESSION ([pixel] >= 0 AND [pixel] < 255)
			STYLE
				COLORRANGE 161 218 180 37 52 148
				DATARANGE 0 254
				RANGEITEM "pixel"
			END
		END        
		OFFSITE 255 255 255
        METADATA
            "wms_title"             "OVRGROUP8bit"
            "wms_abstract"          "OVRGROUP8bit"
            "gml_include_items"     "value_0"
        END  # end METADATA	
	END # end LAYER   
	LAYER
		NAME "TINDEXGROUP8bit"
		GROUP "SCALEGROUP8bit"
		MINSCALEDENOM 0
		MAXSCALEDENOM 500000
		STATUS ON
		TYPE RASTER
		TILEINDEX "/fsdata1/lsfdata/b7DiffAEA8Bit/quads/b7diff8bit_index.shp"
		TILEITEM "location"
		HEADER   ./templates/layer_query_header.html
        TEMPLATE ./templates/layer_query_body.html
		PROJECTION
			"proj=aea"
			"lat_1=29.5"
			"lat_2=45.5"
			"lat_0=23"
			"lon_0=-96"
			"x_0=0"
			"y_0=0"
			"datum=NAD83"
			"units=m"
			"no_defs"
        END
		CLASS
			#NAME "Values -119 to 0"
			EXPRESSION ([pixel] >= -119 AND [pixel] < 0)
			STYLE
				COLORRANGE 179 0 0 254 240 217
				DATARANGE -119 -1
				RANGEITEM "pixel"
			END
		END
		CLASS
			#NAME "Values 0 to 255"
			EXPRESSION ([pixel] >= 0 AND [pixel] < 255)
			STYLE
				COLORRANGE 161 218 180 37 52 148
				DATARANGE 0 254
				RANGEITEM "pixel"
			END
		END        
        METADATA
                "wms_title"             "TINDEXGROUP8bit"
                "wms_abstract"          "TINDEXGROUP8bit"
                "gml_include_items"     "value_0"
        END  # end METADATA
	END # end LAYER
	LAYER
		NAME "OVRGROUP28bit"
		GROUP "SCALEGROUP28bit"
		MINSCALEDENOM 500000
		STATUS ON
		TYPE RASTER
		HEADER   ./templates/layer_query_header.html
                TEMPLATE ./templates/layer_query_body.html
		#DATA "/fsdata1/lsfdata/b7DiffAEA/b7DiffAEA.tif"
		DATA "/fsdata1/lsfdata/b7DiffAEA8Bit/b7diff8bitm.tif"
		PROJECTION
			"proj=aea"
			"lat_1=29.5"
			"lat_2=45.5"
			"lat_0=23"
			"lon_0=-96"
			"x_0=0"
			"y_0=0"
			"datum=NAD83"
			"units=m"
			"no_defs"
        END
		CLASS
			#NAME "Values -119 to 0"
			EXPRESSION ([pixel] >= -119 AND [pixel] < 0)
			STYLE
				COLORRANGE 179 0 0 254 240 217
				DATARANGE -119 -1
				RANGEITEM "pixel"
			END
		END
		CLASS
			#NAME "Values 0 to 255"
			EXPRESSION ([pixel] >= 0 AND [pixel] < 255)
			STYLE
				COLORRANGE 161 218 180 37 52 148
				DATARANGE 0 254
				RANGEITEM "pixel"
			END
		END        
		OFFSITE 255 255 255
        METADATA
            "wms_title"             "OVRGROUP28bit"
            "wms_abstract"          "OVRGROUP28bit"
            "gml_include_items"     "value_0"
        END  # end METADATA	
	END # end LAYER
	LAYER
		NAME "VRTGROUP28bit"
		GROUP "SCALEGROUP28bit"
		MINSCALEDENOM 0
		MAXSCALEDENOM 500000
		STATUS ON
		TYPE RASTER
		DATA "/fsdata1/lsfdata/b7DiffAEA8Bit/b7diff8bit_index.vrt"
		PROJECTION
			"proj=aea"
			"lat_1=29.5"
			"lat_2=45.5"
			"lat_0=23"
			"lon_0=-96"
			"x_0=0"
			"y_0=0"
			"datum=NAD83"
			"units=m"
			"no_defs"		
		END
		CLASS
			#NAME "Values -119 to 0"
			EXPRESSION ([pixel] >= -119 AND [pixel] < 0)
			STYLE
				COLORRANGE 179 0 0 254 240 217
				DATARANGE -119 -1
				RANGEITEM "pixel"
			END
		END
		CLASS
			#NAME "Values 0 to 255"
			EXPRESSION ([pixel] >= 0 AND [pixel] < 255)
			STYLE
				COLORRANGE 161 218 180 37 52 148
				DATARANGE 0 254
				RANGEITEM "pixel"
			END
		END        
		METADATA
            "wms_title"             "VRTGROUP28bit"
            "wms_abstract"          "VRTGROUP28bit"
            "gml_include_items"     "value_0"
        END  # end METADATA
	END # end LAYER
END # end MAP
