MAP
    # the following two lines tell MapServer to write debugging output to a log file.  Remove the '#' from the beginning
    # of the two lines below to enable this logging:
    # CONFIG "MS_ERRORFILE" "../var/log/ewsmonthly.log"
    #DEBUG 5

    # all temp files get prefixed with this string
    NAME ms_rlayers

    #jdm:added to accomodate map layers
    #see http://trac.osgeo.org/mapserver/ticket/3055
    MAXSIZE 3072    
    
    # background color of image if transparency
    # is not requested
    IMAGECOLOR 255 255 255

    # default output image dimensions
    SIZE 1200 1000

    # always returns a map
    STATUS ON

    # set top level projection
    PROJECTION
     "init=epsg:4326"
    END

    # image format options
    OUTPUTFORMAT
        NAME "GEOTIFF"
        DRIVER "GDAL/GTiff"
        MIMETYPE "image/geotiff"
        IMAGEMODE "BYTE"
        EXTENSION "tif"
    END

    # minx miny maxx maxy
    # sets:
    # /WMT_MS_Capabilities/Capability/Layer/LatLonBoundingBox(@minx @miny @maxx @maxx)
    EXTENT -180 -90 180 90 # World

    # add def pointers for symbols
    SYMBOLSET "./symbols/symbols35.sym"
    FONTSET   "./fonts/fonts.list"

    #
    # Start of web interface definition
    WEB
        # this is the real filepath to the temp dir for intermediate file creation
        IMAGEPATH "./tmp"
        # this is the web-accessible path to IMAGEPATH
        IMAGEURL "/tmp/"
        HEADER "./templates/query_header.html"
        FOOTER "./templates/query_footer.html"
        METADATA
            "ows_enable_request"     "*"
            "wms_title"              "rlayers"
            "wms_abstract"           "rlayers"
            "wms_onlineresource"     "%(SERVICE_URL)s"
            "wms_srs"                "EPSG:4326 EPSG:2163 EPSG:3785 EPSG:900913"
        END
    END

    QUERYMAP
        STATUS OFF
    END

    # set defaults for GetLegendGraphic requests 
    LEGEND
      KEYSIZE 154 297
    END

    LAYER
        NAME tree_cover
        PROJECTION
			"proj=lcc"
			"lat_1=36.16666666666666"
			"lat_2=34.33333333333334"
			"lat_0=33.75"
			"lon_0=-79"
			"x_0=609601.22"
			"y_0=0"
			"ellps=GRS80"
			"datum=NAD83"
			"units=m"
			"no_defs"
        END
        TYPE     RASTER
        DUMP     TRUE
        STATUS   OFF
        DATA     /flood/grownc/tree_cover.img
        HEADER   ./templates/layer_query_header.html
        TEMPLATE ./templates/layer_query_body.html
	INCLUDE "cmaps/tree_cover.cmap"
        METADATA
            "wms_title"             "tree_cover"
            "wms_abstract"          "tree_cover"
            "gml_include_items"     "value_0"
	    "gml_value_0_alias"     "tree_cover"
        END  # end METADATA
    END # end LAYER
    LAYER
        NAME landcover_06
        PROJECTION
			"proj=lcc"
			"lat_1=36.16666666666666"
			"lat_2=34.33333333333334"
			"lat_0=33.75"
			"lon_0=-79"
			"x_0=609601.22"
			"y_0=0"
			"ellps=GRS80"
			"datum=NAD83"
			"units=m"
			"no_defs"
        END
        TYPE     RASTER
        DUMP     TRUE
        STATUS   OFF
        DATA     /flood/grownc/landcover_06.img
        HEADER   ./templates/layer_query_header.html
        TEMPLATE ./templates/layer_query_body.html
	INCLUDE "cmaps/landcover_06.cmap"
        METADATA
            "wms_title"             "landcover_06"
            "wms_abstract"          "landcover_06"
            "gml_include_items"     "value_list"
	    "gml_value_0_alias"     "landcover_06"
        END  # end METADATA
    END # end LAYER
    LAYER
        NAME impsurf_06
        PROJECTION
			"proj=lcc"
			"lat_1=36.16666666666666"
			"lat_2=34.33333333333334"
			"lat_0=33.75"
			"lon_0=-79"
			"x_0=609601.22"
			"y_0=0"
			"ellps=GRS80"
			"datum=NAD83"
			"units=m"
			"no_defs"
        END
        TYPE     RASTER
        DUMP     TRUE
        STATUS   OFF
        DATA     /flood/grownc/impsurf_06.img
        HEADER   ./templates/layer_query_header.html
        TEMPLATE ./templates/layer_query_body.html
		INCLUDE "cmaps/impsurf_06.cmap"
        METADATA
            "wms_title"             "impsurf_06"
            "wms_abstract"          "impsurf_06"
            "gml_include_items"     "value_list"
			"gml_value_0_alias"     "impsurf_06"
        END  # end METADATA
    END # end LAYER	
    LAYER
        NAME uncc_76
        PROJECTION
			"proj=lcc"
			"lat_1=36.16666666666666"
			"lat_2=34.33333333333334"
			"lat_0=33.75"
			"lon_0=-79"
			"x_0=609601.22"
			"y_0=0"
			"ellps=GRS80"
			"datum=NAD83"
			"units=m"
			"no_defs"
        END
        TYPE     RASTER
        DUMP     TRUE
        STATUS   OFF
        DATA     /flood/grownc/uncc_76.img
        HEADER   ./templates/layer_query_header.html
        TEMPLATE ./templates/layer_query_body.html
		INCLUDE "cmaps/uncc_landuse.cmap"
        METADATA
            "wms_title"             "uncc_76"
            "wms_abstract"          "uncc_76"
            "gml_include_items"     "value_list"
			"gml_value_0_alias"     "uncc_76"
        END  # end METADATA
    END # end LAYER	
    LAYER
        NAME uncc_85
        PROJECTION
			"proj=lcc"
			"lat_1=36.16666666666666"
			"lat_2=34.33333333333334"
			"lat_0=33.75"
			"lon_0=-79"
			"x_0=609601.22"
			"y_0=0"
			"ellps=GRS80"
			"datum=NAD83"
			"units=m"
			"no_defs"
        END
        TYPE     RASTER
        DUMP     TRUE
        STATUS   OFF
        DATA     /flood/grownc/uncc_85.img
        HEADER   ./templates/layer_query_header.html
        TEMPLATE ./templates/layer_query_body.html
		INCLUDE "cmaps/uncc_landuse.cmap"
        METADATA
            "wms_title"             "uncc_85"
            "wms_abstract"          "uncc_85"
            "gml_include_items"     "value_list"
			"gml_value_0_alias"     "uncc_85"
        END  # end METADATA
    END # end LAYER
    LAYER
        NAME uncc_96
        PROJECTION
			"proj=lcc"
			"lat_1=36.16666666666666"
			"lat_2=34.33333333333334"
			"lat_0=33.75"
			"lon_0=-79"
			"x_0=609601.22"
			"y_0=0"
			"ellps=GRS80"
			"datum=NAD83"
			"units=m"
			"no_defs"
        END
        TYPE     RASTER
        DUMP     TRUE
        STATUS   OFF
        DATA     /flood/grownc/uncc_96.img
        HEADER   ./templates/layer_query_header.html
        TEMPLATE ./templates/layer_query_body.html
		INCLUDE "cmaps/uncc_landuse.cmap"
        METADATA
            "wms_title"             "uncc_96"
            "wms_abstract"          "uncc_96"
            "gml_include_items"     "value_list"
			"gml_value_0_alias"     "uncc_96"
        END  # end METADATA
    END # end LAYER	
    LAYER
        NAME uncc_06
        PROJECTION
			"proj=lcc"
			"lat_1=36.16666666666666"
			"lat_2=34.33333333333334"
			"lat_0=33.75"
			"lon_0=-79"
			"x_0=609601.22"
			"y_0=0"
			"ellps=GRS80"
			"datum=NAD83"
			"units=m"
			"no_defs"
        END
        TYPE     RASTER
        DUMP     TRUE
        STATUS   OFF
        DATA     /flood/grownc/uncc_06.img
        HEADER   ./templates/layer_query_header.html
        TEMPLATE ./templates/layer_query_body.html
		INCLUDE "cmaps/uncc_landuse.cmap"
        METADATA
            "wms_title"             "uncc_06"
            "wms_abstract"          "uncc_06"
            "gml_include_items"     "value_list"
			"gml_value_0_alias"     "uncc_06"
        END  # end METADATA
    END # end LAYER	
    LAYER
        NAME uncc_10
        PROJECTION
			"proj=lcc"
			"lat_1=36.16666666666666"
			"lat_2=34.33333333333334"
			"lat_0=33.75"
			"lon_0=-79"
			"x_0=609601.22"
			"y_0=0"
			"ellps=GRS80"
			"datum=NAD83"
			"units=m"
			"no_defs"
        END
        TYPE     RASTER
        DUMP     TRUE
        STATUS   OFF
        DATA     /flood/grownc/uncc_10.img
        HEADER   ./templates/layer_query_header.html
        TEMPLATE ./templates/layer_query_body.html
		INCLUDE "cmaps/uncc_landuse.cmap"
        METADATA
            "wms_title"             "uncc_10"
            "wms_abstract"          "uncc_10"
            "gml_include_items"     "value_list"
			"gml_value_0_alias"     "uncc_10"
        END  # end METADATA
    END # end LAYER	
    LAYER
        NAME uncc_15
        PROJECTION
			"proj=lcc"
			"lat_1=36.16666666666666"
			"lat_2=34.33333333333334"
			"lat_0=33.75"
			"lon_0=-79"
			"x_0=609601.22"
			"y_0=0"
			"ellps=GRS80"
			"datum=NAD83"
			"units=m"
			"no_defs"
        END
        TYPE     RASTER
        DUMP     TRUE
        STATUS   OFF
        DATA     /flood/grownc/uncc_15.img
        HEADER   ./templates/layer_query_header.html
        TEMPLATE ./templates/layer_query_body.html
		INCLUDE "cmaps/uncc_landuse.cmap"
        METADATA
            "wms_title"             "uncc_15"
            "wms_abstract"          "uncc_15"
            "gml_include_items"     "value_list"
			"gml_value_0_alias"     "uncc_15"
        END  # end METADATA
    END # end LAYER	
    LAYER
        NAME uncc_20
        PROJECTION
			"proj=lcc"
			"lat_1=36.16666666666666"
			"lat_2=34.33333333333334"
			"lat_0=33.75"
			"lon_0=-79"
			"x_0=609601.22"
			"y_0=0"
			"ellps=GRS80"
			"datum=NAD83"
			"units=m"
			"no_defs"
        END
        TYPE     RASTER
        DUMP     TRUE
        STATUS   OFF
        DATA     /flood/grownc/uncc_20.img
        HEADER   ./templates/layer_query_header.html
        TEMPLATE ./templates/layer_query_body.html
		INCLUDE "cmaps/uncc_landuse.cmap"
        METADATA
            "wms_title"             "uncc_20"
            "wms_abstract"          "uncc_20"
            "gml_include_items"     "value_list"
			"gml_value_0_alias"     "uncc_20"
        END  # end METADATA
    END # end LAYER	
    LAYER
        NAME uncc_25
        PROJECTION
			"proj=lcc"
			"lat_1=36.16666666666666"
			"lat_2=34.33333333333334"
			"lat_0=33.75"
			"lon_0=-79"
			"x_0=609601.22"
			"y_0=0"
			"ellps=GRS80"
			"datum=NAD83"
			"units=m"
			"no_defs"
        END
        TYPE     RASTER
        DUMP     TRUE
        STATUS   OFF
        DATA     /flood/grownc/uncc_25.img
        HEADER   ./templates/layer_query_header.html
        TEMPLATE ./templates/layer_query_body.html
		INCLUDE "cmaps/uncc_landuse.cmap"
        METADATA
            "wms_title"             "uncc_25"
            "wms_abstract"          "uncc_25"
            "gml_include_items"     "value_list"
			"gml_value_0_alias"     "uncc_25"
        END  # end METADATA
    END # end LAYER	
    LAYER
        NAME uncc_30
        PROJECTION
			"proj=lcc"
			"lat_1=36.16666666666666"
			"lat_2=34.33333333333334"
			"lat_0=33.75"
			"lon_0=-79"
			"x_0=609601.22"
			"y_0=0"
			"ellps=GRS80"
			"datum=NAD83"
			"units=m"
			"no_defs"
        END
        TYPE     RASTER
        DUMP     TRUE
        STATUS   OFF
        DATA     /flood/grownc/uncc_30.img
        HEADER   ./templates/layer_query_header.html
        TEMPLATE ./templates/layer_query_body.html
		INCLUDE "cmaps/uncc_landuse.cmap"
        METADATA
            "wms_title"             "uncc_30"
            "wms_abstract"          "uncc_30"
            "gml_include_items"     "value_list"
			"gml_value_0_alias"     "uncc_30"
        END  # end METADATA
    END # end LAYER	
    LAYER
        NAME hous_den_00
        PROJECTION
			"proj=lcc"
			"lat_1=36.16666666666666"
			"lat_2=34.33333333333334"
			"lat_0=33.75"
			"lon_0=-79"
			"x_0=609601.2192024384"
			"y_0=0"
			"ellps=GRS80"
			"datum=NAD83"
			"to_meter=0.3048006096012192"
			"no_defs"
        END
        TYPE     RASTER
        DUMP     TRUE
        STATUS   OFF
        DATA     /flood/grownc/hous_den_00.img
        HEADER   ./templates/layer_query_header.html
        TEMPLATE ./templates/layer_query_body.html
		INCLUDE "cmaps/hous_den.cmap"
        METADATA
            "wms_title"             "hous_den_00"
            "wms_abstract"          "hous_den_00"
            "gml_include_items"     "value_list"
			"gml_value_0_alias"     "hous_den_00"
        END  # end METADATA
    END # end LAYER	
    LAYER
        NAME hous_den_30
        PROJECTION
			"proj=lcc"
			"lat_1=36.16666666666666"
			"lat_2=34.33333333333334"
			"lat_0=33.75"
			"lon_0=-79"
			"x_0=609601.2192024384"
			"y_0=0"
			"ellps=GRS80"
			"datum=NAD83"
			"to_meter=0.3048006096012192"
			"no_defs"
        END
        TYPE     RASTER
        DUMP     TRUE
        STATUS   OFF
        DATA     /flood/grownc/hous_den_30.img
        HEADER   ./templates/layer_query_header.html
        TEMPLATE ./templates/layer_query_body.html
		INCLUDE "cmaps/hous_den.cmap"
        METADATA
            "wms_title"             "hous_den_30"
            "wms_abstract"          "hous_den_30"
            "gml_include_items"     "value_list"
			"gml_value_0_alias"     "hous_den_30"
        END  # end METADATA
    END # end LAYER		
    LAYER
        NAME sfsuit
        PROJECTION
			"proj=lcc"
			"lat_1=36.16666666666666"
			"lat_2=34.33333333333334"
			"lat_0=33.75"
			"lon_0=-79"
			"x_0=609601.2192024384"
			"y_0=0"
			"ellps=GRS80"
			"datum=NAD83"
			"to_meter=0.3048006096012192"
			"no_defs"
        END
        TYPE     RASTER
        DUMP     TRUE
        STATUS   OFF
        DATA     /flood/grownc/sfsuit.img
        HEADER   ./templates/layer_query_header.html
        TEMPLATE ./templates/layer_query_body.html
		INCLUDE "cmaps/sfsuit.cmap"
        METADATA
            "wms_title"             "sfsuit"
            "wms_abstract"          "sfsuit"
            "gml_include_items"     "value_list"
			"gml_value_0_alias"     "sfsuit"
        END  # end METADATA
    END # end LAYER		
    LAYER
        NAME mfsuit
        PROJECTION
			"proj=lcc"
			"lat_1=36.16666666666666"
			"lat_2=34.33333333333334"
			"lat_0=33.75"
			"lon_0=-79"
			"x_0=609601.2192024384"
			"y_0=0"
			"ellps=GRS80"
			"datum=NAD83"
			"to_meter=0.3048006096012192"
			"no_defs"
        END
        TYPE     RASTER
        DUMP     TRUE
        STATUS   OFF
        DATA     /flood/grownc/mfsuit.img
        HEADER   ./templates/layer_query_header.html
        TEMPLATE ./templates/layer_query_body.html
		INCLUDE "cmaps/mfsuit.cmap"
        METADATA
            "wms_title"             "mfsuit"
            "wms_abstract"          "mfsuit"
            "gml_include_items"     "value_list"
			"gml_value_0_alias"     "mfsuit"
        END  # end METADATA
    END # end LAYER			
    LAYER
        NAME indsuit
        PROJECTION
			"proj=lcc"
			"lat_1=36.16666666666666"
			"lat_2=34.33333333333334"
			"lat_0=33.75"
			"lon_0=-79"
			"x_0=609601.2192024384"
			"y_0=0"
			"ellps=GRS80"
			"datum=NAD83"
			"to_meter=0.3048006096012192"
			"no_defs"
        END
        TYPE     RASTER
        DUMP     TRUE
        STATUS   OFF
        DATA     /flood/grownc/indsuit.img
        HEADER   ./templates/layer_query_header.html
        TEMPLATE ./templates/layer_query_body.html
		INCLUDE "cmaps/indsuit.cmap"
        METADATA
            "wms_title"             "indsuit"
            "wms_abstract"          "indsuit"
            "gml_include_items"     "value_list"
			"gml_value_0_alias"     "indsuit"
        END  # end METADATA
    END # end LAYER			
    LAYER
        NAME comsuit
        PROJECTION
			"proj=lcc"
			"lat_1=36.16666666666666"
			"lat_2=34.33333333333334"
			"lat_0=33.75"
			"lon_0=-79"
			"x_0=609601.2192024384"
			"y_0=0"
			"ellps=GRS80"
			"datum=NAD83"
			"to_meter=0.3048006096012192"
			"no_defs"
        END
        TYPE     RASTER
        DUMP     TRUE
        STATUS   OFF
        DATA     /flood/grownc/comsuit.img
        HEADER   ./templates/layer_query_header.html
        TEMPLATE ./templates/layer_query_body.html
		INCLUDE "cmaps/comsuit.cmap"
        METADATA
            "wms_title"             "comsuit"
            "wms_abstract"          "comsuit"
            "gml_include_items"     "value_list"
			"gml_value_0_alias"     "comsuit"
        END  # end METADATA
    END # end LAYER				
    LAYER
        NAME dem
        PROJECTION
			"proj=lcc"
			"lat_1=36.16666666666666"
			"lat_2=34.33333333333334"
			"lat_0=33.75"
			"lon_0=-79"
			"x_0=609601.2192024384"
			"y_0=0"
			"ellps=GRS80"
			"datum=NAD83"
			"to_meter=0.3048006096012192"
			"no_defs"
        END
        TYPE     RASTER
        DUMP     TRUE
        STATUS   OFF
        DATA     /flood/grownc/dem.img
        HEADER   ./templates/layer_query_header.html
        TEMPLATE ./templates/layer_query_body.html
		INCLUDE "cmaps/dem.cmap"
        METADATA
            "wms_title"             "dem"
            "wms_abstract"          "dem"
            "gml_include_items"     "value_list"
			"gml_value_0_alias"     "dem"
        END  # end METADATA
    END # end LAYER				
    LAYER
        NAME hillshade
        PROJECTION
			"proj=lcc"
			"lat_1=36.16666666666666"
			"lat_2=34.33333333333334"
			"lat_0=33.75"
			"lon_0=-79"
			"x_0=609601.2192024384"
			"y_0=0"
			"ellps=GRS80"
			"datum=NAD83"
			"to_meter=0.3048006096012192"
			"no_defs"
        END
        TYPE     RASTER
        DUMP     TRUE
        STATUS   OFF
        DATA     /flood/grownc/hillshade.img
        HEADER   ./templates/layer_query_header.html
        TEMPLATE ./templates/layer_query_body.html
		INCLUDE "cmaps/hillshade.cmap"
        METADATA
            "wms_title"             "hillshade"
            "wms_abstract"          "hillshade"
            "gml_include_items"     "value_list"
			"gml_value_0_alias"     "hillshade"
        END  # end METADATA
    END # end LAYER				
    LAYER
        NAME slope_20
        PROJECTION
			"proj=lcc"
			"lat_1=36.16666666666666"
			"lat_2=34.33333333333334"
			"lat_0=33.75"
			"lon_0=-79"
			"x_0=609601.2192024384"
			"y_0=0"
			"ellps=GRS80"
			"datum=NAD83"
			"to_meter=0.3048006096012192"
			"no_defs"
        END
        TYPE     RASTER
        DUMP     TRUE
        STATUS   OFF
        DATA     /flood/grownc/slope_20.img
        HEADER   ./templates/layer_query_header.html
        TEMPLATE ./templates/layer_query_body.html
		INCLUDE "cmaps/slope_20.cmap"
        METADATA
            "wms_title"             "slope_20"
            "wms_abstract"          "slope_20"
            "gml_include_items"     "value_list"
			"gml_value_0_alias"     "slope_20"
        END  # end METADATA
    END # end LAYER					
    LAYER
        NAME p_ann_81_10
        PROJECTION
			"proj=longlat"
			"ellps=WGS84"
			"datum=WGS84"
			"no_defs"
        END
        TYPE     RASTER
        DUMP     TRUE
        STATUS   OFF
        DATA     /flood/grownc/p_ann_81_10.img
        HEADER   ./templates/layer_query_header.html
        TEMPLATE ./templates/layer_query_body.html
		INCLUDE "cmaps/p_ann_81_10.cmap"
        METADATA
            "wms_title"             "p_ann_81_10"
            "wms_abstract"          "p_ann_81_10"
            "gml_include_items"     "value_list"
			"gml_value_0_alias"     "p_ann_81_10"
        END  # end METADATA
    END # end LAYER					
    LAYER
        NAME ppt_dry_81_10
        PROJECTION
			"proj=longlat"
			"ellps=WGS84"
			"datum=WGS84"
			"no_defs"
        END
        TYPE     RASTER
        DUMP     TRUE
        STATUS   OFF
        DATA     /flood/grownc/ppt_dry_81_10.img
        HEADER   ./templates/layer_query_header.html
        TEMPLATE ./templates/layer_query_body.html
		INCLUDE "cmaps/ppt_dry_81_10.cmap"
        METADATA
            "wms_title"             "ppt_dry_81_10"
            "wms_abstract"          "ppt_dry_81_10"
            "gml_include_items"     "value_list"
			"gml_value_0_alias"     "ppt_dry_81_10"
        END  # end METADATA
    END # end LAYER					
    LAYER
        NAME ppt_wet_81_10
        PROJECTION
			"proj=longlat"
			"ellps=WGS84"
			"datum=WGS84"
			"no_defs"
        END
        TYPE     RASTER
        DUMP     TRUE
        STATUS   OFF
        DATA     /flood/grownc/ppt_wet_81_10.img
        HEADER   ./templates/layer_query_header.html
        TEMPLATE ./templates/layer_query_body.html
		INCLUDE "cmaps/ppt_wet_81_10.cmap"
        METADATA
            "wms_title"             "ppt_wet_81_10"
            "wms_abstract"          "ppt_wet_81_10"
            "gml_include_items"     "value_list"
			"gml_value_0_alias"     "ppt_wet_81_10"
        END  # end METADATA
    END # end LAYER					
    LAYER
        NAME tmax_an_81_10
        PROJECTION
			"proj=longlat"
			"ellps=WGS84"
			"datum=WGS84"
			"no_defs"
        END
        TYPE     RASTER
        DUMP     TRUE
        STATUS   OFF
        DATA     /flood/grownc/tmax_an_81_10.img
        HEADER   ./templates/layer_query_header.html
        TEMPLATE ./templates/layer_query_body.html
		INCLUDE "cmaps/tmax_an_81_10.cmap"
        METADATA
            "wms_title"             "tmax_an_81_10"
            "wms_abstract"          "tmax_an_81_10"
            "gml_include_items"     "value_list"
			"gml_value_0_alias"     "tmax_an_81_10"
        END  # end METADATA
    END # end LAYER					
    LAYER
        NAME tmin_an_81_10
        PROJECTION
			"proj=longlat"
			"ellps=WGS84"
			"datum=WGS84"
			"no_defs"
        END
        TYPE     RASTER
        DUMP     TRUE
        STATUS   OFF
        DATA     /flood/grownc/tmin_an_81_10.img
        HEADER   ./templates/layer_query_header.html
        TEMPLATE ./templates/layer_query_body.html
		INCLUDE "cmaps/tmin_an_81_10.cmap"
        METADATA
            "wms_title"             "tmin_an_81_10"
            "wms_abstract"          "tmin_an_81_10"
            "gml_include_items"     "value_list"
			"gml_value_0_alias"     "tmin_an_81_10"
        END  # end METADATA
    END # end LAYER						
    LAYER
        NAME bauempby15
        PROJECTION
			"proj=lcc"
			"lat_1=34.33333333333334"
			"lat_2=36.16666666666666"
			"lat_0=33.75"
			"lon_0=-79"
			"x_0=609601.2199999999"
			"y_0=0"
			"ellps=GRS80"
			"datum=NAD83"
			"to_meter=0.3048006096012192"
			"no_defs"
        END
        TYPE     RASTER
        DUMP     TRUE
        STATUS   OFF
        DATA     /flood/grownc/bauempby15_2000.img
        HEADER   ./templates/layer_query_header.html
        TEMPLATE ./templates/layer_query_body.html
		INCLUDE "cmaps/bauempby15_2000.cmap"
        METADATA
            "wms_title"             "bauempby15"
            "wms_abstract"          "bauempby15"
            "gml_include_items"     "value_list"
			"gml_value_0_alias"     "bauempby15"
        END  # end METADATA
    END # end LAYER							
    LAYER
        NAME bauduby5
        PROJECTION
			"proj=lcc"
			"lat_1=34.33333333333334"
			"lat_2=36.16666666666666"
			"lat_0=33.75"
			"lon_0=-79"
			"x_0=609601.2199999999"
			"y_0=0"
			"ellps=GRS80"
			"datum=NAD83"
			"to_meter=0.3048006096012192"
			"no_defs"
        END
        TYPE     RASTER
        DUMP     TRUE
        STATUS   OFF
        DATA     /flood/grownc/bauduby5_2000.img
        HEADER   ./templates/layer_query_header.html
        TEMPLATE ./templates/layer_query_body.html
		INCLUDE "cmaps/bauduby5_2000.cmap"
        METADATA
            "wms_title"             "bauduby5"
            "wms_abstract"          "bauduby5"
            "gml_include_items"     "value_list"
			"gml_value_0_alias"     "bauduby5"
        END  # end METADATA
    END # end LAYER								
    LAYER
        NAME egempby15
        PROJECTION
			"proj=lcc"
			"lat_1=34.33333333333334"
			"lat_2=36.16666666666666"
			"lat_0=33.75"
			"lon_0=-79"
			"x_0=609601.2199999999"
			"y_0=0"
			"ellps=GRS80"
			"datum=NAD83"
			"to_meter=0.3048006096012192"
			"no_defs"
        END
        TYPE     RASTER
        DUMP     TRUE
        STATUS   OFF
        DATA     /flood/grownc/egempby15_2000.img
        HEADER   ./templates/layer_query_header.html
        TEMPLATE ./templates/layer_query_body.html
		INCLUDE "cmaps/egempby15_2000.cmap"
        METADATA
            "wms_title"             "egempby15"
            "wms_abstract"          "egempby15"
            "gml_include_items"     "value_list"
			"gml_value_0_alias"     "egempby15"
        END  # end METADATA
    END # end LAYER								
    LAYER
        NAME egduby5
        PROJECTION
			"proj=lcc"
			"lat_1=34.33333333333334"
			"lat_2=36.16666666666666"
			"lat_0=33.75"
			"lon_0=-79"
			"x_0=609601.2199999999"
			"y_0=0"
			"ellps=GRS80"
			"datum=NAD83"
			"to_meter=0.3048006096012192"
			"no_defs"
        END
        TYPE     RASTER
        DUMP     TRUE
        STATUS   OFF
        DATA     /flood/grownc/egduby5_2000.img
        HEADER   ./templates/layer_query_header.html
        TEMPLATE ./templates/layer_query_body.html
		INCLUDE "cmaps/egduby5_2000.cmap"
        METADATA
            "wms_title"             "egduby5"
            "wms_abstract"          "egduby5"
            "gml_include_items"     "value_list"
			"gml_value_0_alias"     "egduby5"
        END  # end METADATA
    END # end LAYER									
    LAYER
        NAME psempby15
        PROJECTION
			"proj=lcc"
			"lat_1=34.33333333333334"
			"lat_2=36.16666666666666"
			"lat_0=33.75"
			"lon_0=-79"
			"x_0=609601.2199999999"
			"y_0=0"
			"ellps=GRS80"
			"datum=NAD83"
			"to_meter=0.3048006096012192"
			"no_defs"
        END
        TYPE     RASTER
        DUMP     TRUE
        STATUS   OFF
        DATA     /flood/grownc/psempby15_2000.img
        HEADER   ./templates/layer_query_header.html
        TEMPLATE ./templates/layer_query_body.html
		INCLUDE "cmaps/psempby15_2000.cmap"
        METADATA
            "wms_title"             "psempby15"
            "wms_abstract"          "psempby15"
            "gml_include_items"     "value_list"
			"gml_value_0_alias"     "psempby15"
        END  # end METADATA
    END # end LAYER								
    LAYER
        NAME psduby5
        PROJECTION
			"proj=lcc"
			"lat_1=34.33333333333334"
			"lat_2=36.16666666666666"
			"lat_0=33.75"
			"lon_0=-79"
			"x_0=609601.2199999999"
			"y_0=0"
			"ellps=GRS80"
			"datum=NAD83"
			"to_meter=0.3048006096012192"
			"no_defs"
        END
        TYPE     RASTER
        DUMP     TRUE
        STATUS   OFF
        DATA     /flood/grownc/psduby5_2000.img
        HEADER   ./templates/layer_query_header.html
        TEMPLATE ./templates/layer_query_body.html
		INCLUDE "cmaps/psduby5_2000.cmap"
        METADATA
            "wms_title"             "psduby5"
            "wms_abstract"          "psduby5"
            "gml_include_items"     "value_list"
			"gml_value_0_alias"     "psduby5"
        END  # end METADATA
    END # end LAYER										
    LAYER
        NAME rcempby15
        PROJECTION
			"proj=lcc"
			"lat_1=34.33333333333334"
			"lat_2=36.16666666666666"
			"lat_0=33.75"
			"lon_0=-79"
			"x_0=609601.2199999999"
			"y_0=0"
			"ellps=GRS80"
			"datum=NAD83"
			"to_meter=0.3048006096012192"
			"no_defs"
        END
        TYPE     RASTER
        DUMP     TRUE
        STATUS   OFF
        DATA     /flood/grownc/rcempby15_2000.img
        HEADER   ./templates/layer_query_header.html
        TEMPLATE ./templates/layer_query_body.html
		INCLUDE "cmaps/rcempby15_2000.cmap"
        METADATA
            "wms_title"             "rcempby15"
            "wms_abstract"          "rcempby15"
            "gml_include_items"     "value_list"
			"gml_value_0_alias"     "rcempby15"
        END  # end METADATA
    END # end LAYER										
    LAYER
        NAME rcduby5
        PROJECTION
			"proj=lcc"
			"lat_1=34.33333333333334"
			"lat_2=36.16666666666666"
			"lat_0=33.75"
			"lon_0=-79"
			"x_0=609601.2199999999"
			"y_0=0"
			"ellps=GRS80"
			"datum=NAD83"
			"to_meter=0.3048006096012192"
			"no_defs"
        END
        TYPE     RASTER
        DUMP     TRUE
        STATUS   OFF
        DATA     /flood/grownc/rcduby5_2000.img
        HEADER   ./templates/layer_query_header.html
        TEMPLATE ./templates/layer_query_body.html
		INCLUDE "cmaps/rcduby5_2000.cmap"
        METADATA
            "wms_title"             "rcduby5"
            "wms_abstract"          "rcduby5"
            "gml_include_items"     "value_list"
			"gml_value_0_alias"     "rcduby5"
        END  # end METADATA
    END # end LAYER											
    LAYER
        NAME epempby15
        PROJECTION
			"proj=lcc"
			"lat_1=34.33333333333334"
			"lat_2=36.16666666666666"
			"lat_0=33.75"
			"lon_0=-79"
			"x_0=609601.2199999999"
			"y_0=0"
			"ellps=GRS80"
			"datum=NAD83"
			"to_meter=0.3048006096012192"
			"no_defs"
        END
        TYPE     RASTER
        DUMP     TRUE
        STATUS   OFF
        DATA     /flood/grownc/epempby15_2000.img
        HEADER   ./templates/layer_query_header.html
        TEMPLATE ./templates/epempby15.html
		INCLUDE "cmaps/epempby15_2000.cmap"
        METADATA
            "wms_title"             "epempby15"
            "wms_abstract"          "epempby15"
            "gml_include_items"     "value_list"
			"gml_value_0_alias"     "epempby15"
        END  # end METADATA
    END # end LAYER											
    LAYER
        NAME epduby5
        PROJECTION
			"proj=lcc"
			"lat_1=34.33333333333334"
			"lat_2=36.16666666666666"
			"lat_0=33.75"
			"lon_0=-79"
			"x_0=609601.2199999999"
			"y_0=0"
			"ellps=GRS80"
			"datum=NAD83"
			"to_meter=0.3048006096012192"
			"no_defs"
        END
        TYPE     RASTER
        DUMP     TRUE
        STATUS   OFF
        DATA     /flood/grownc/epduby5_2000.img
        HEADER   ./templates/layer_query_header.html
        TEMPLATE ./templates/layer_query_body.html
		INCLUDE "cmaps/epduby5_2000.cmap"
        METADATA
            "wms_title"             "epduby5"
            "wms_abstract"          "epduby5"
            "gml_include_items"     "value_list"
			"gml_value_0_alias"     "epduby5"
        END  # end METADATA
    END # end LAYER												
	
END # end MAP
