MAP
    # the following two lines tell MapServer to write debugging output to a log file.  Remove the '#' from the beginning
    # of the two lines below to enable this logging:
    #CONFIG "MS_ERRORFILE" "../var/log/vlayers.log"
    #DEBUG 5

    # all temp files get prefixed with this string
    NAME ms_vlayers

    #jdm:added to accomodate map layers
    #see http://trac.osgeo.org/mapserver/ticket/3055
    MAXSIZE 3072 
    
    # background color of image if transparency
    # is not requested
    IMAGECOLOR 255 255 255

    # default output image dimensions
    SIZE 600 400

    # always returns a map
    STATUS ON

    # set top level projection
    PROJECTION
        "init=epsg:3785"
    END

    # image format options
    OUTPUTFORMAT
        NAME "PNG"
        DRIVER "GDAL/PNG"
        MIMETYPE "image/png"
        IMAGEMODE "RGB"
        EXTENSION "png"
    END

    # minx miny maxx maxy
    EXTENT    -124.733174 24.543940 -66.950005 49.384359 # US

    # add def pointers for symbols
    SYMBOLSET "./symbols/symbols35.sym"
    FONTSET   "./fonts/fonts.list"

    # Start of web interface definition
    WEB

        # this is the real filepath to the temp dir for intermediate file creation
        IMAGEPATH "./tmp"

        # this is the web-accessible path to IMAGEPATH
        IMAGEURL "/tmp/"

        HEADER "./templates/query_header.html"
        FOOTER "./templates/query_footer.html"

        METADATA
            "ows_enable_request"     "*"
            "wms_title"              "NEMAC vlayers WMS"
            "wms_abstract"           "NEMAC vlayers WMS"
            "wms_onlineresource"     "%(SERVICE_URL)s"
            "wms_srs"                "EPSG:3785 EPSG:4326 EPSG:900913"
        END
    END

    QUERYMAP
        STATUS OFF
    END

    # set defaults for GetLegendGraphic requests 
    LEGEND
        KEYSIZE 30 20
    END

	#Built Section------------------------------------------------------------
    LAYER # 
        NAME abandoned_railroads
        PROJECTION
            "init=epsg:4326"
        END
        CONNECTIONTYPE   postgis
        CONNECTION       "%(POSTGIS_CONNECTION_STRING)s"
        DATA             "geom from abandoned_railroads"
        EXTENT           -124.733174 24.543940 -66.950005 49.384359 # US
        STATUS           OFF
        TYPE             LINE
        DUMP             TRUE
        HEADER           ./templates/layer_query_header.html
        TEMPLATE         ./templates/layer_query_body.html
        CLASS
            NAME "abandoned_railroads"
            STYLE
                #SYMBOL 'circle'
                #SIZE 5
                COLOR 255 0 0 
            END
        END		
        METADATA
            "wms_title"          "abandoned_railroads"
            "wms_abstract"       "abandoned_railroads"
            "gml_include_items"  "gid"
        END  # end METADATA
    END # 
	LAYER # 
        NAME railroads
        PROJECTION
            "init=epsg:4326"
        END
        CONNECTIONTYPE   postgis
        CONNECTION       "%(POSTGIS_CONNECTION_STRING)s"
        DATA             "geom from railroads"
        EXTENT           -124.733174 24.543940 -66.950005 49.384359 # US
        STATUS           OFF
        TYPE             LINE
        DUMP             TRUE
        HEADER           ./templates/layer_query_header.html
        TEMPLATE         ./templates/layer_query_body.html
        CLASS
            NAME "railroads"
            STYLE
                #SYMBOL 'circle'
                #SIZE 5
                COLOR 255 0 0 
            END
        END		
        METADATA
            "wms_title"          "railroads"
            "wms_abstract"       "railroads"
            "gml_include_items"  "all"
        END  # end METADATA
    END # 
    LAYER # 
        NAME airports
        PROJECTION
            "init=epsg:4326"
        END
        CONNECTIONTYPE   postgis
        CONNECTION       "%(POSTGIS_CONNECTION_STRING)s"
        DATA             "geom from airports"
        EXTENT           -124.733174 24.543940 -66.950005 49.384359 # US
        STATUS           OFF
        TYPE             POINT
        DUMP             TRUE
        HEADER           ./templates/layer_query_header.html
        TEMPLATE         ./templates/layer_query_body.html
        CLASS
            NAME "airports"
            STYLE
                #SYMBOL 'circle'
                #SIZE 5
                COLOR 255 255 102 
            END
        END		
        METADATA
            "wms_title"          "airports"
            "wms_abstract"       "airports"
            "gml_include_items"  "arpt_id"
        END  # end METADATA
    END # 	
    LAYER # 
        NAME appalachian_trail
        PROJECTION
            "init=epsg:4326"
        END
        CONNECTIONTYPE   postgis
        CONNECTION       "%(POSTGIS_CONNECTION_STRING)s"
        DATA             "geom from appalachian_trail"
        EXTENT           -124.733174 24.543940 -66.950005 49.384359 # US
        STATUS           OFF
        TYPE             LINE
        DUMP             TRUE
        HEADER           ./templates/layer_query_header.html
        TEMPLATE         ./templates/layer_query_body.html
        CLASS
            NAME "appalachian_trail"
            STYLE
                #SYMBOL 'circle'
                #SIZE 5
                COLOR 255 255 102 
            END
        END		
        METADATA
            "wms_title"          "appalachian_trail"
            "wms_abstract"       "appalachian_trail"
            "gml_include_items"  "status,surface,shared_use"
        END  # end METADATA
    END #	
    LAYER # 
        NAME appalachian_trail_parking
        PROJECTION
            "init=epsg:4326"
        END
        CONNECTIONTYPE   postgis
        CONNECTION       "%(POSTGIS_CONNECTION_STRING)s"
        DATA             "geom from appalachian_trail_parking"
        EXTENT           -124.733174 24.543940 -66.950005 49.384359 # US
        STATUS           OFF
        TYPE             POINT
        DUMP             TRUE
        HEADER           ./templates/layer_query_header.html
        TEMPLATE         ./templates/layer_query_body.html
        CLASS
            NAME "appalachian_trail_parking"
            STYLE
                #SYMBOL 'circle'
                #SIZE 5
                COLOR 255 255 102 
            END
        END		
        METADATA
            "wms_title"          "appalachian_trail_parking"
            "wms_abstract"       "appalachian_trail_parking"
            "gml_include_items"  "name,surface,type"
        END  # end METADATA
    END #	
	LAYER # 
        NAME interstates
        PROJECTION
            "init=epsg:4326"
        END
        CONNECTIONTYPE   postgis
        CONNECTION       "%(POSTGIS_CONNECTION_STRING)s"
        DATA             "geom from interstates"
        EXTENT           -124.733174 24.543940 -66.950005 49.384359 # US
        STATUS           OFF
        TYPE             LINE
        DUMP             TRUE
        HEADER           ./templates/layer_query_header.html
        TEMPLATE         ./templates/layer_query_body.html
        CLASS
            NAME "interstates"
            STYLE
                #SYMBOL 'circle'
                #SIZE 5
                COLOR 255 255 102 
            END
        END		
        METADATA
            "wms_title"          "interstates"
            "wms_abstract"       "interstates"
            "gml_include_items"  "all"
        END  # end METADATA
    END #
	LAYER # 
        NAME Major_Roads
        PROJECTION
            "init=epsg:4326"
        END
        CONNECTIONTYPE   postgis
        CONNECTION       "%(POSTGIS_CONNECTION_STRING)s"
        DATA             "geom from major_roads"
        EXTENT           -124.733174 24.543940 -66.950005 49.384359 # US
        STATUS           OFF
        TYPE             LINE
        DUMP             TRUE
        HEADER           ./templates/layer_query_header.html
        TEMPLATE         ./templates/layer_query_body.html
        CLASS
            NAME "Major_Roads"
            STYLE
                #SYMBOL 'circle'
                #SIZE 5
                COLOR 255 255 102 
            END
        END		
        METADATA
            "wms_title"          "Major_Roads"
            "wms_abstract"       "Major_Roads"
            "gml_include_items"  "type,LABEL,gid"
        END  # end METADATA
    END #
    LAYER # 
        NAME appalachian_trail_shelters
        PROJECTION
            "init=epsg:4326"
        END
        CONNECTIONTYPE   postgis
        CONNECTION       "%(POSTGIS_CONNECTION_STRING)s"
        DATA             "geom from appalachian_trail_shelters"
        EXTENT           -124.733174 24.543940 -66.950005 49.384359 # US
        STATUS           OFF
        TYPE             POINT
        DUMP             TRUE
        HEADER           ./templates/layer_query_header.html
        TEMPLATE         ./templates/layer_query_body.html
        CLASS
            NAME "appalachian_trail_shelters"
            STYLE
                #SYMBOL 'circle'
                #SIZE 5
                COLOR 255 255 102 
            END
        END		
        METADATA
            "wms_title"          "appalachian_trail_shelters"
            "wms_abstract"       "appalachian_trail_shelters"
            "gml_include_items"  "name,type,ownership"
        END  # end METADATA
    END #	
    LAYER # 
        NAME blue_ridge_parkway
        PROJECTION
            "init=epsg:4326"
        END
        CONNECTIONTYPE   postgis
        CONNECTION       "%(POSTGIS_CONNECTION_STRING)s"
        DATA             "geom from blue_ridge_parkway"
        EXTENT           -124.733174 24.543940 -66.950005 49.384359 # US
        STATUS           OFF
        TYPE             LINE
        DUMP             TRUE
        HEADER           ./templates/layer_query_header.html
        TEMPLATE         ./templates/layer_query_body.html
        CLASS
            NAME "blue_ridge_parkway"
            STYLE
                #SYMBOL 'circle'
                #SIZE 5
                COLOR 255 0 0  
            END
        END		
        METADATA
            "wms_title"          "blue_ridge_parkway"
            "wms_abstract"       "blue_ridge_parkway"
            "gml_include_items"  "gid,overlook"
        END  # end METADATA
    END #		
    LAYER # 
        NAME dams_all
        PROJECTION
            "init=epsg:4326"
        END
        CONNECTIONTYPE   postgis
        CONNECTION       "%(POSTGIS_CONNECTION_STRING)s"
        DATA             "geom from dams_all"
        EXTENT           -124.733174 24.543940 -66.950005 49.384359 # US
        STATUS           OFF
        TYPE             POINT
        DUMP             TRUE
        HEADER           ./templates/layer_query_header.html
        TEMPLATE         ./templates/layer_query_body.html
        CLASS
            NAME "dams_all"
            STYLE
                #SYMBOL 'circle'
                #SIZE 5
                COLOR 255 0 0  
            END
        END		
        METADATA
            "wms_title"          "dams_all"
            "wms_abstract"       "dams_all"
            "gml_include_items"  "dam_name,own_name,river"
        END  # end METADATA
    END #

	LAYER # 
        NAME hydro_dams
        PROJECTION
            "init=epsg:4326"
        END
        CONNECTIONTYPE   postgis
        CONNECTION       "%(POSTGIS_CONNECTION_STRING)s"
        DATA             "geom from hydro_dams"
        EXTENT           -124.733174 24.543940 -66.950005 49.384359 # US
        STATUS           OFF
        TYPE             POINT
        DUMP             TRUE
        HEADER           ./templates/layer_query_header.html
        TEMPLATE         ./templates/layer_query_body.html
        CLASS
            NAME "hydro_dams"
            STYLE
                #SYMBOL 'circle'
                #SIZE 5
                COLOR 255 0 0  
            END
        END		
        METADATA
            "wms_title"          "hydro_dams"
            "wms_abstract"       "hydro_dams"
            "gml_include_items"  "all"
        END  # end METADATA
    END #

	LAYER # 
        NAME WindPower_Potential_Fair_or_Better
        PROJECTION
            "init=epsg:4326"
        END
        CONNECTIONTYPE   postgis
        CONNECTION       "%(POSTGIS_CONNECTION_STRING)s"
        DATA             "geom from windpower_potential_fair_or_better"
        EXTENT           -124.733174 24.543940 -66.950005 49.384359 # US
        STATUS           OFF
        TYPE             POLYGON
        DUMP             TRUE
        HEADER           ./templates/layer_query_header.html
        TEMPLATE         ./templates/layer_query_body.html
        CLASS
            NAME "WindPower_Potential_Fair_or_Better"
            STYLE
                #SYMBOL 'circle'
                #SIZE 5
                COLOR 255 0 0  
            END
        END		
        METADATA
            "wms_title"          "WindPower_Potential_Fair_or_Better"
            "wms_abstract"       "WindPower_Potential_Fair_or_Better"
            "gml_include_items"  "gid"
        END  # end METADATA
    END #
	
	LAYER # 
        NAME Consensus_Growth_Areas
        PROJECTION
            "init=epsg:4326"
        END
        CONNECTIONTYPE   postgis
        CONNECTION       "%(POSTGIS_CONNECTION_STRING)s"
        DATA             "geom from consensus_growth_areas"
        EXTENT           -124.733174 24.543940 -66.950005 49.384359 # US
        STATUS           OFF
        TYPE             POLYGON
        DUMP             TRUE
        HEADER           ./templates/layer_query_header.html
        TEMPLATE         ./templates/layer_query_body.html
        CLASS
            NAME "Consensus Growth Areas"
            STYLE
                #SYMBOL 'circle'
                #SIZE 5
                COLOR 255 255 115 
            END
        END		
        METADATA
            "wms_title"          "Consensus_Growth_Areas"
            "wms_abstract"       "Consensus_Growth_Areas"
            "gml_include_items"  "name,gid"
        END  # end METADATA
    END #
	
	LAYER # 
        NAME Existing_Land_Use
        PROJECTION
            "init=epsg:4326"
        END
        CONNECTIONTYPE   postgis
        CONNECTION       "%(POSTGIS_CONNECTION_STRING)s"
        DATA             "geom from existing_land_use"
        EXTENT           -124.733174 24.543940 -66.950005 49.384359 # US
        STATUS           OFF
        TYPE             POLYGON
        DUMP             TRUE
        HEADER           ./templates/layer_query_header.html
        TEMPLATE         ./templates/layer_query_body.html
        CLASS
            NAME "Existing_Land_Use"
            STYLE
                #SYMBOL 'circle'
                #SIZE 5
                COLOR 255 0 0  
            END
        END		
        METADATA
            "wms_title"          "Existing_Land_Use"
            "wms_abstract"       "Existing_Land_Use"
            "gml_include_items"  "LU,OWNER,PIN"
        END  # end METADATA
    END #
	
	LAYER # 
        NAME Land_Supply
        PROJECTION
            "init=epsg:4326"
        END
        CONNECTIONTYPE   postgis
        CONNECTION       "%(POSTGIS_CONNECTION_STRING)s"
        DATA             "geom from land_supply"
        EXTENT           -124.733174 24.543940 -66.950005 49.384359 # US
        STATUS           OFF
        TYPE             POLYGON
        DUMP             TRUE
        HEADER           ./templates/layer_query_header.html
        TEMPLATE         ./templates/layer_query_body.html
        CLASS
            NAME "Land_Supply"
            STYLE
                #SYMBOL 'circle'
                #SIZE 5
                COLOR 255 0 0  
            END
        END		
        METADATA
            "wms_title"          "Land_Supply"
            "wms_abstract"       "Land_Supply"
            "gml_include_items"  "LU,OWNER,landsupply,PIN"
        END  # end METADATA
    END #
	
	LAYER # 
        NAME Protected_Lands
        PROJECTION
            "init=epsg:4326"
        END
        CONNECTIONTYPE   postgis
        CONNECTION       "%(POSTGIS_CONNECTION_STRING)s"
        DATA             "geom from protected_lands"
        EXTENT           -124.733174 24.543940 -66.950005 49.384359 # US
        STATUS           OFF
        TYPE             POLYGON
        DUMP             TRUE
        HEADER           ./templates/layer_query_header.html
        TEMPLATE         ./templates/layer_query_body.html
        CLASS
            NAME "Protected_Lands"
            STYLE
                #SYMBOL 'circle'
                #SIZE 5
                COLOR 255 0 0  
            END
        END		
        METADATA
            "wms_title"          "Protected_Lands"
            "wms_abstract"       "Protected_Lands"
            "gml_include_items"  "LMA_SITE,AGENCY"
        END  # end METADATA
    END #
	
	LAYER # 
        NAME Brownfield_Sites
        PROJECTION
            "init=epsg:4326"
        END
        CONNECTIONTYPE   postgis
        CONNECTION       "%(POSTGIS_CONNECTION_STRING)s"
        DATA             "geom from brownfield_sites"
        EXTENT           -124.733174 24.543940 -66.950005 49.384359 # US
        STATUS           OFF
        TYPE             POINT
        DUMP             TRUE
        HEADER           ./templates/layer_query_header.html
        TEMPLATE         ./templates/layer_query_body.html
        CLASS
            NAME "Brownfield_Sites"
            STYLE
                #SYMBOL 'circle'
                #SIZE 5
                COLOR 255 0 0  
            END
        END		
        METADATA
            "wms_title"          "Brownfield_Sites"
            "wms_abstract"       "Brownfield_Sites"
            "gml_include_items"  "Project_No,Name"
        END  # end METADATA
    END #
	
	LAYER # 
        NAME Hazardous_Waste_Sites
        PROJECTION
            "init=epsg:4326"
        END
        CONNECTIONTYPE   postgis
        CONNECTION       "%(POSTGIS_CONNECTION_STRING)s"
        DATA             "geom from hazardous_waste_sites"
        EXTENT           -124.733174 24.543940 -66.950005 49.384359 # US
        STATUS           OFF
        TYPE             POINT
        DUMP             TRUE
        HEADER           ./templates/layer_query_header.html
        TEMPLATE         ./templates/layer_query_body.html
        CLASS
            NAME "Hazardous_Waste_Sites"
            STYLE
                #SYMBOL 'circle'
                #SIZE 5
                COLOR 255 0 0  
            END
        END		
        METADATA
            "wms_title"          "Hazardous_Waste_Sites"
            "wms_abstract"       "Hazardous_Waste_Sites"
            "gml_include_items"  "site_name,gid"
        END  # end METADATA
    END #
	
	LAYER # 
        NAME Public_Landfills
        PROJECTION
            "init=epsg:4326"
        END
        CONNECTIONTYPE   postgis
        CONNECTION       "%(POSTGIS_CONNECTION_STRING)s"
        DATA             "geom from public_landfills"
        EXTENT           -124.733174 24.543940 -66.950005 49.384359 # US
        STATUS           OFF
        TYPE             POINT
        DUMP             TRUE
        HEADER           ./templates/layer_query_header.html
        TEMPLATE         ./templates/layer_query_body.html
        CLASS
            NAME "Public_Landfills"
            STYLE
                #SYMBOL 'circle'
                #SIZE 5
                COLOR 255 0 0  
            END
        END		
        METADATA
            "wms_title"          "Public_Landfills"
            "wms_abstract"       "Public_Landfills"
            "gml_include_items"  "permit_nam,permitstat,primarywas"
        END  # end METADATA
    END #
	
	LAYER # 
        NAME Rural_Centers
        PROJECTION
            "init=epsg:4326"
        END
        CONNECTIONTYPE   postgis
        CONNECTION       "%(POSTGIS_CONNECTION_STRING)s"
        DATA             "geom from rural_centers"
        EXTENT           -124.733174 24.543940 -66.950005 49.384359 # US
        STATUS           OFF
        TYPE             POINT
        DUMP             TRUE
        HEADER           ./templates/layer_query_header.html
        TEMPLATE         ./templates/layer_query_body.html
        CLASS
            NAME "Rural_Centers"
            STYLE
                #SYMBOL 'circle'
                #SIZE 5
                COLOR 255 0 0  
            END
        END		
        METADATA
            "wms_title"          "Rural_Centers"
            "wms_abstract"       "Rural_Centers"
            "gml_include_items"  "gid,Name"
        END  # end METADATA
    END #
	
	LAYER # 
        NAME Urban_Service_Areas
        PROJECTION
            "init=epsg:4326"
        END
        CONNECTIONTYPE   postgis
        CONNECTION       "%(POSTGIS_CONNECTION_STRING)s"
        DATA             "geom from urban_service_areas"
        EXTENT           -124.733174 24.543940 -66.950005 49.384359 # US
        STATUS           OFF
        TYPE             POLYGON
        DUMP             TRUE
        HEADER           ./templates/layer_query_header.html
        TEMPLATE         ./templates/layer_query_body.html
        CLASS
            NAME "Urban_Service_Areas"
            STYLE
                #SYMBOL 'circle'
                #SIZE 5
                COLOR 255 0 0  
            END
        END		
        METADATA
            "wms_title"          "Urban_Service_Areas"
            "wms_abstract"       "Urban_Service_Areas"
            "gml_include_items"  "gid,SSSYNAME"
        END  # end METADATA
    END #
	
	LAYER # 
        NAME Water_Tanks
        PROJECTION
            "init=epsg:4326"
        END
        CONNECTIONTYPE   postgis
        CONNECTION       "%(POSTGIS_CONNECTION_STRING)s"
        DATA             "geom from water_tanks"
        EXTENT           -124.733174 24.543940 -66.950005 49.384359 # US
        STATUS           OFF
        TYPE             POINT
        DUMP             TRUE
        HEADER           ./templates/layer_query_header.html
        TEMPLATE         ./templates/layer_query_body.html
        CLASS
            NAME "Water_Tanks"
            STYLE
                #SYMBOL 'circle'
                #SIZE 5
                COLOR 255 0 0  
            END
        END		
        METADATA
            "wms_title"          "Water_Tanks"
            "wms_abstract"       "Water_Tanks"
            "gml_include_items"  "all"
        END  # end METADATA
    END #
	
	LAYER # 
        NAME EMS_Locations
        PROJECTION
            "init=epsg:4326"
        END
        CONNECTIONTYPE   postgis
        CONNECTION       "%(POSTGIS_CONNECTION_STRING)s"
        DATA             "geom from ems_locations"
        EXTENT           -124.733174 24.543940 -66.950005 49.384359 # US
        STATUS           OFF
        TYPE             POINT
        DUMP             TRUE
        HEADER           ./templates/layer_query_header.html
        TEMPLATE         ./templates/layer_query_body.html
        CLASS
            NAME "EMS_Locations"
            STYLE
                #SYMBOL 'circle'
                #SIZE 5
                COLOR 255 0 0  
            END
        END		
        METADATA
            "wms_title"          "EMS_Locations"
            "wms_abstract"       "EMS_Locations"
            "gml_include_items"  "name,telephone,address,city,state,zip"
        END  # end METADATA
    END #
	
	LAYER # 
        NAME DriveTime_5min_Fire_EMS
        PROJECTION
            "init=epsg:4326"
        END
        CONNECTIONTYPE   postgis
        CONNECTION       "%(POSTGIS_CONNECTION_STRING)s"
        DATA             "geom from drivetime_5min_fire_ems"
        EXTENT           -124.733174 24.543940 -66.950005 49.384359 # US
        STATUS           OFF
        TYPE             POLYGON
        DUMP             TRUE
        HEADER           ./templates/layer_query_header.html
        TEMPLATE         ./templates/layer_query_body.html
        CLASS
            NAME "DriveTime_5min_Fire_EMS"
            STYLE
                #SYMBOL 'circle'
                #SIZE 5
                COLOR 255 0 0  
            END
        END		
        METADATA
            "wms_title"          "DriveTime_5min_Fire_EMS"
            "wms_abstract"       "DriveTime_5min_Fire_EMS"
            "gml_include_items"  "gid,Name"
        END  # end METADATA
    END #

    #Natural Section------------------------------------------------------------
    LAYER # 
        NAME eastern_continental_divide
        PROJECTION
            "init=epsg:4326"
        END
        CONNECTIONTYPE   postgis
        CONNECTION       "%(POSTGIS_CONNECTION_STRING)s"
        DATA             "geom from eastern_continental_divide"
        EXTENT           -124.733174 24.543940 -66.950005 49.384359 # US
        STATUS           OFF
        TYPE             LINE
        DUMP             TRUE
        HEADER           ./templates/layer_query_header.html
        TEMPLATE         ./templates/layer_query_body.html
        CLASS
            NAME "eastern_continental_divide"
            STYLE
                #COLOR        232 232 232
                OUTLINECOLOR 0 0 0 
            END
        END
        METADATA
            "wms_title"            "eastern_continental_divide"
            "wms_abstract"         "eastern_continental_divide"
            "gml_include_items"    "region,subregion,basin,subbasin"
        END  # end METADATA
    END # end Layer
    
    LAYER # 
        NAME floodplains_500yr
        PROJECTION
            "init=epsg:4326"
        END
        CONNECTIONTYPE   postgis
        CONNECTION       "%(POSTGIS_CONNECTION_STRING)s"
        DATA             "geom from floodplains_500yr"
        EXTENT           -124.733174 24.543940 -66.950005 49.384359 # US
        STATUS           OFF
        TYPE             POLYGON
        DUMP             TRUE
        HEADER           ./templates/layer_query_header.html
        TEMPLATE         ./templates/layer_query_body.html
        CLASS
            NAME "floodplains_500yr"
            STYLE
                #COLOR        232 232 232
                OUTLINECOLOR 0 0 0 
            END
        END
        METADATA
            "wms_title"            "floodplains_500yr"
            "wms_abstract"         "floodplains_500yr"
            "gml_include_items"    "gid"
        END  # end METADATA
    END # end Layer
    
    LAYER # 
        NAME geologic_faults
        PROJECTION
            "init=epsg:4326"
        END
        CONNECTIONTYPE   postgis
        CONNECTION       "%(POSTGIS_CONNECTION_STRING)s"
        DATA             "geom from geologic_faults"
        EXTENT           -124.733174 24.543940 -66.950005 49.384359 # US
        STATUS           OFF
        TYPE             POLYGON
        DUMP             TRUE
        HEADER           ./templates/layer_query_header.html
        TEMPLATE         ./templates/layer_query_body.html
        CLASS
            NAME "geologic_faults"
            STYLE
                #COLOR        232 232 232
                OUTLINECOLOR 0 0 0 
            END
        END
        METADATA
            "wms_title"            "geologic_faults"
            "wms_abstract"         "geologic_faults"
            "gml_include_items"    "gid"
        END  # end METADATA
    END # end Layer
    
    LAYER # 
        NAME geology
        PROJECTION
            "init=epsg:4326"
        END
        CONNECTIONTYPE   postgis
        CONNECTION       "%(POSTGIS_CONNECTION_STRING)s"
        DATA             "geom from geology"
        EXTENT           -124.733174 24.543940 -66.950005 49.384359 # US
        STATUS           OFF
        TYPE             POLYGON
        DUMP             TRUE
        HEADER           ./templates/layer_query_header.html
        TEMPLATE         ./templates/layer_query_body.html
        CLASS
            NAME "geology"
            STYLE
                #COLOR        232 232 232
                OUTLINECOLOR 0 0 0 
            END
        END
        METADATA
            "wms_title"            "geology"
            "wms_abstract"         "geology"
            "gml_include_items"    "gid"
        END  # end METADATA
    END # end Layer
    
    LAYER # 
        NAME hqw_orw
        PROJECTION
            "init=epsg:4326"
        END
        CONNECTIONTYPE   postgis
        CONNECTION       "%(POSTGIS_CONNECTION_STRING)s"
        DATA             "geom from hqw_orw"
        EXTENT           -124.733174 24.543940 -66.950005 49.384359 # US
        STATUS           OFF
        TYPE             POLYGON
        DUMP             TRUE
        HEADER           ./templates/layer_query_header.html
        TEMPLATE         ./templates/layer_query_body.html
        CLASS
            NAME "hqw_orw"
            STYLE
                #COLOR        232 232 232
                OUTLINECOLOR 0 0 0 
            END
        END
        METADATA
            "wms_title"            "hqw_orw"
            "wms_abstract"         "hqw_orw"
            "gml_include_items"    "riv_basin,name,class"
        END  # end METADATA
    END # end Layer
    
    LAYER # 
        NAME landslide_locations
        PROJECTION
            "init=epsg:4326"
        END
        CONNECTIONTYPE   postgis
        CONNECTION       "%(POSTGIS_CONNECTION_STRING)s"
        DATA             "geom from landslide_locations"
        EXTENT           -124.733174 24.543940 -66.950005 49.384359 # US
        STATUS           OFF
        TYPE             POINT
        DUMP             TRUE
        HEADER           ./templates/layer_query_header.html
        TEMPLATE         ./templates/layer_query_body.html
        CLASS
            NAME "landslide_locations"
            STYLE
                #COLOR        232 232 232
                OUTLINECOLOR 0 0 0 
            END
        END
        METADATA
            "wms_title"            "landslide_locations"
            "wms_abstract"         "landslide_locations"
            "gml_include_items"    "col_date,type,project,quad_24k"
        END  # end METADATA
    END # end Layer
    
    LAYER # 
        NAME major_lakes
        PROJECTION
            "init=epsg:4326"
        END
        CONNECTIONTYPE   postgis
        CONNECTION       "%(POSTGIS_CONNECTION_STRING)s"
        DATA             "geom from major_lakes"
        EXTENT           -124.733174 24.543940 -66.950005 49.384359 # US
        STATUS           OFF
        TYPE             POLYGON
        DUMP             TRUE
        HEADER           ./templates/layer_query_header.html
        TEMPLATE         ./templates/layer_query_body.html
        CLASS
            NAME "major_lakes"
            STYLE
                #COLOR        232 232 232
                OUTLINECOLOR 0 0 0 
            END
        END
        METADATA
            "wms_title"            "major_lakes"
            "wms_abstract"         "major_lakes"
            "gml_include_items"    "gid,name"
        END  # end METADATA
    END # end Layer
    
    LAYER # 
        NAME major_rivers
        PROJECTION
            "init=epsg:4326"
        END
        CONNECTIONTYPE   postgis
        CONNECTION       "%(POSTGIS_CONNECTION_STRING)s"
        DATA             "geom from major_rivers"
        EXTENT           -124.733174 24.543940 -66.950005 49.384359 # US
        STATUS           OFF
        TYPE             LINE
        DUMP             TRUE
        HEADER           ./templates/layer_query_header.html
        TEMPLATE         ./templates/layer_query_body.html
        CLASS
            NAME "major_rivers"
            STYLE
                #COLOR        232 232 232
                OUTLINECOLOR 0 0 0 
            END
        END
        METADATA
            "wms_title"            "major_rivers"
            "wms_abstract"         "major_rivers"
            "gml_include_items"    "stream_nam,riv_basin,descrip_cl"
        END  # end METADATA
    END # end Layer
    
    LAYER # 
        NAME managed_areas
        PROJECTION
            "init=epsg:4326"
        END
        CONNECTIONTYPE   postgis
        CONNECTION       "%(POSTGIS_CONNECTION_STRING)s"
        DATA             "geom from managed_areas"
        EXTENT           -124.733174 24.543940 -66.950005 49.384359 # US
        STATUS           OFF
        TYPE             POLYGON
        DUMP             TRUE
        HEADER           ./templates/layer_query_header.html
        TEMPLATE         ./templates/layer_query_body.html
        CLASS
            NAME "managed_areas"
            STYLE
                #COLOR        232 232 232
                OUTLINECOLOR 0 0 0 
            END
        END
        METADATA
            "wms_title"            "managed_areas"
            "wms_abstract"         "managed_areas"
            "gml_include_items"    "ma_name,owner,gap_status"
        END  # end METADATA
    END # end Layer
    
    LAYER # 
        NAME significant_natural_heritage_areas
        PROJECTION
            "init=epsg:4326"
        END
        CONNECTIONTYPE   postgis
        CONNECTION       "%(POSTGIS_CONNECTION_STRING)s"
        DATA             "geom from significant_natural_heritage_areas"
        EXTENT           -124.733174 24.543940 -66.950005 49.384359 # US
        STATUS           OFF
        TYPE             POLYGON
        DUMP             TRUE
        HEADER           ./templates/layer_query_header.html
        TEMPLATE         ./templates/layer_query_body.html
        CLASS
            NAME "significant_natural_heritage_areas"
            STYLE
                #COLOR        232 232 232
                OUTLINECOLOR 0 0 0 
            END
        END
        METADATA
            "wms_title"            "significant_natural_heritage_areas"
            "wms_abstract"         "significant_natural_heritage_areas"
            "gml_include_items"    "site_name,owner"
        END  # end METADATA
    END # end Layer
    
    LAYER # 
        NAME streams
        PROJECTION
            "init=epsg:4326"
        END
        CONNECTIONTYPE   postgis
        CONNECTION       "%(POSTGIS_CONNECTION_STRING)s"
        DATA             "geom from streams_24k"
        EXTENT           -124.733174 24.543940 -66.950005 49.384359 # US
        STATUS           OFF
        TYPE             LINE
        DUMP             TRUE
        HEADER           ./templates/layer_query_header.html
        TEMPLATE         ./templates/layer_query_body.html
        CLASS
            NAME "streams"
            STYLE
                #COLOR        232 232 232
                OUTLINECOLOR 0 0 0 
            END
        END
        METADATA
            "wms_title"            "streams_24k"
            "wms_abstract"         "streams_24k"
            "gml_include_items"    "dwqname,dwqdescr,dwqclass"
        END  # end METADATA
    END # end Layer
    
    LAYER # 
        NAME waterbodies
        PROJECTION
            "init=epsg:4326"
        END
        CONNECTIONTYPE   postgis
        CONNECTION       "%(POSTGIS_CONNECTION_STRING)s"
        DATA             "geom from waterbodies"
        EXTENT           -124.733174 24.543940 -66.950005 49.384359 # US
        STATUS           OFF
        TYPE             POLYGON
        DUMP             TRUE
        HEADER           ./templates/layer_query_header.html
        TEMPLATE         ./templates/layer_query_body.html
        CLASS
            NAME "waterbodies"
            STYLE
                #COLOR        232 232 232
                OUTLINECOLOR 0 0 0 
            END
        END
        METADATA
            "wms_title"            "waterbodies"
            "wms_abstract"         "waterbodies"
            "gml_include_items"    "name,fcode_desc"
        END  # end METADATA
    END # end Layer
    
    LAYER # 
        NAME watersheds_12digit
        PROJECTION
            "init=epsg:4326"
        END
        CONNECTIONTYPE   postgis
        CONNECTION       "%(POSTGIS_CONNECTION_STRING)s"
        DATA             "geom from watersheds_12digit"
        EXTENT           -124.733174 24.543940 -66.950005 49.384359 # US
        STATUS           OFF
        TYPE             POLYGON
        DUMP             TRUE
        HEADER           ./templates/layer_query_header.html
        TEMPLATE         ./templates/layer_query_body.html
        CLASS
            NAME "watersheds_12digit"
            STYLE
                #COLOR        232 232 232
                OUTLINECOLOR 0 0 0 
            END
        END
        METADATA
            "wms_title"            "watersheds_12digit"
            "wms_abstract"         "watersheds_12digit"
            "gml_include_items"    "hu_10_name,hu_12_name,basin,subbasin"
        END  # end METADATA
    END # end Layer
    
    LAYER # 
        NAME watersheds_8digit
        PROJECTION
            "init=epsg:4326"
        END
        CONNECTIONTYPE   postgis
        CONNECTION       "%(POSTGIS_CONNECTION_STRING)s"
        DATA             "geom from watersheds_8digit"
        EXTENT           -124.733174 24.543940 -66.950005 49.384359 # US
        STATUS           OFF
        TYPE             POLYGON
        DUMP             TRUE
        HEADER           ./templates/layer_query_header.html
        TEMPLATE         ./templates/layer_query_body.html
        CLASS
            NAME "watersheds_8digit"
            STYLE
                #COLOR        232 232 232
                OUTLINECOLOR 0 0 0 
            END
        END
        METADATA
            "wms_title"            "watersheds_8digit"
            "wms_abstract"         "watersheds_8digit"
            "gml_include_items"    "gid,globalid"
        END  # end METADATA
    END # end Layer
    
    LAYER # 
        NAME watersheds_ws
        PROJECTION
            "init=epsg:4326"
        END
        CONNECTIONTYPE   postgis
        CONNECTION       "%(POSTGIS_CONNECTION_STRING)s"
        DATA             "geom from watersheds_ws"
        EXTENT           -124.733174 24.543940 -66.950005 49.384359 # US
        STATUS           OFF
        TYPE             POLYGON
        DUMP             TRUE
        HEADER           ./templates/layer_query_header.html
        TEMPLATE         ./templates/layer_query_body.html
        CLASS
            NAME "Water Supply Watersheds"
            STYLE
                #COLOR        232 232 232
                OUTLINECOLOR 0 0 0 
            END
        END
        METADATA
            "wms_title"            "watersheds_ws"
            "wms_abstract"         "watersheds_ws"
            "gml_include_items"    "stream_nam,river_basi"
        END  # end METADATA
    END # end Layer
    
    LAYER # 
        NAME wetlands
        PROJECTION
            "init=epsg:4326"
        END
        CONNECTIONTYPE   postgis
        CONNECTION       "%(POSTGIS_CONNECTION_STRING)s"
        DATA             "geom from wetlands"
        EXTENT           -124.733174 24.543940 -66.950005 49.384359 # US
        STATUS           OFF
        TYPE             POLYGON
        DUMP             TRUE
        HEADER           ./templates/layer_query_header.html
        TEMPLATE         ./templates/layer_query_body.html
        CLASS
            NAME "wetlands"
            STYLE
                #COLOR        232 232 232
                OUTLINECOLOR 0 0 0 
            END
        END
        METADATA
            "wms_title"            "wetlands"
            "wms_abstract"         "wetlands"
            "gml_include_items"    "gid,wetland_ty"
        END  # end METADATA
    END # end Layer	
	
	LAYER # 
        NAME Critical_Ecological_Corridors
        PROJECTION
            "init=epsg:4326"
        END
        CONNECTIONTYPE   postgis
        CONNECTION       "%(POSTGIS_CONNECTION_STRING)s"
        DATA             "geom from critical_ecological_corridors"
        EXTENT           -124.733174 24.543940 -66.950005 49.384359 # US
        STATUS           OFF
        TYPE             POLYGON
        DUMP             TRUE
        HEADER           ./templates/layer_query_header.html
        TEMPLATE         ./templates/layer_query_body.html
        CLASS
            NAME "Critical_Ecological_Corridors"
            STYLE
                #COLOR        232 232 232
                OUTLINECOLOR 0 0 0 
            END
        END
        METADATA
            "wms_title"            "Critical_Ecological_Corridors"
            "wms_abstract"         "Critical_Ecological_Corridors"
            "gml_include_items"    "gid"
        END  # end METADATA
    END # end Layer	
	
	LAYER # 
        NAME Impaired_303D_Streams
        PROJECTION
            "init=epsg:4326"
        END
        CONNECTIONTYPE   postgis
        CONNECTION       "%(POSTGIS_CONNECTION_STRING)s"
        DATA             "geom from impaired_303d_streams"
        EXTENT           -124.733174 24.543940 -66.950005 49.384359 # US
        STATUS           OFF
        TYPE             LINE
        DUMP             TRUE
        HEADER           ./templates/layer_query_header.html
        TEMPLATE         ./templates/layer_query_body.html
        CLASS
            NAME "Impaired_303D_Streams"
            STYLE
                #COLOR        232 232 232
                OUTLINECOLOR 0 0 0 
            END
        END
        METADATA
            "wms_title"            "Impaired_303D_Streams"
            "wms_abstract"         "Impaired_303D_Streams"
            "gml_include_items"    "EVENTDATE,gid"
        END  # end METADATA
    END # end Layer	
	
	LAYER # 
        NAME Viewsheds_AT_BRP
        PROJECTION
            "init=epsg:4326"
        END
        CONNECTIONTYPE   postgis
        CONNECTION       "%(POSTGIS_CONNECTION_STRING)s"
        DATA             "geom from viewsheds_at_brp"
        EXTENT           -124.733174 24.543940 -66.950005 49.384359 # US
        STATUS           OFF
        TYPE             POLYGON
        DUMP             TRUE
        HEADER           ./templates/layer_query_header.html
        TEMPLATE         ./templates/layer_query_body.html
        CLASS
            NAME "Viewsheds_AT_BRP"
            STYLE
                #COLOR        232 232 232
                OUTLINECOLOR 0 0 0 
            END
        END
        METADATA
            "wms_title"            "Viewsheds_AT_BRP"
            "wms_abstract"         "Viewsheds_AT_BRP"
            "gml_include_items"    "gid,FID_AT_Vie"
        END  # end METADATA
    END # end Layer	

	#Economic Section------------------------------------------------------------
	
	LAYER # 
        NAME gas_stations
        PROJECTION
            "init=epsg:4326"
        END
        CONNECTIONTYPE   postgis
        CONNECTION       "%(POSTGIS_CONNECTION_STRING)s"
        DATA             "geom from gas_stations"
        EXTENT           -124.733174 24.543940 -66.950005 49.384359 # US
        STATUS           OFF
        TYPE             POINT
        DUMP             TRUE
        HEADER           ./templates/layer_query_header.html
        TEMPLATE         ./templates/layer_query_body.html
        CLASS
            NAME "gas_stations"
            STYLE
                COLOR        232 232 232
                OUTLINECOLOR 0 0 0 
            END
        END
        METADATA
            "wms_title"            "gas_stations"
            "wms_abstract"         "gas_stations"
            "gml_include_items"    "name,title,parent_com"
        END  # end METADATA
    END # end Layer
	
	LAYER # 
        NAME fire_stations
        PROJECTION
            "init=epsg:4326"
        END
        CONNECTIONTYPE   postgis
        CONNECTION       "%(POSTGIS_CONNECTION_STRING)s"
        DATA             "geom from fire_stations"
        EXTENT           -124.733174 24.543940 -66.950005 49.384359 # US
        STATUS           OFF
        TYPE             POINT
        DUMP             TRUE
        HEADER           ./templates/layer_query_header.html
        TEMPLATE         ./templates/layer_query_body.html
        CLASS
            NAME "fire_stations"
            STYLE
                COLOR        232 232 232
                OUTLINECOLOR 0 0 0 
            END
        END
        METADATA
            "wms_title"            "fire_stations"
            "wms_abstract"         "fire_stations"
            "gml_include_items"    "all"
        END  # end METADATA
    END # end Layer
	
	LAYER # 
        NAME USDA_Food_Stamp_Businesses
        PROJECTION
            "init=epsg:4326"
        END
        CONNECTIONTYPE   postgis
        CONNECTION       "%(POSTGIS_CONNECTION_STRING)s"
        DATA             "geom from usda_food_stamp_businesses"
        EXTENT           -124.733174 24.543940 -66.950005 49.384359 # US
        STATUS           OFF
        TYPE             POINT
        DUMP             TRUE
        HEADER           ./templates/layer_query_header.html
        TEMPLATE         ./templates/layer_query_body.html
        CLASS
            NAME "USDA_Food_Stamp_Businesses"
            STYLE
                COLOR        232 232 232
                OUTLINECOLOR 0 0 0 
            END
        END
        METADATA
            "wms_title"            "USDA_Food_Stamp_Businesses"
            "wms_abstract"         "USDA_Food_Stamp_Businesses"
            "gml_include_items"    "STORE_NAME,gid"
        END  # end METADATA
    END # end Layer
	
	LAYER # 
        NAME Agriculture_Supportive_Lands
        PROJECTION
            "init=epsg:4326"
        END
        CONNECTIONTYPE   postgis
        CONNECTION       "%(POSTGIS_CONNECTION_STRING)s"
        DATA             "geom from agriculture_supportive_lands"
        EXTENT           -124.733174 24.543940 -66.950005 49.384359 # US
        STATUS           OFF
        TYPE             POLYGON
        DUMP             TRUE
        HEADER           ./templates/layer_query_header.html
        TEMPLATE         ./templates/layer_query_body.html
        CLASS
            NAME "Agriculture_Supportive_Lands"
            STYLE
                COLOR        232 232 232
                OUTLINECOLOR 0 0 0 
            END
        END
        METADATA
            "wms_title"            "Agriculture_Supportive_Lands"
            "wms_abstract"         "Agriculture_Supportive_Lands"
            "gml_include_items"    "SHAPE_Area,gid"
        END  # end METADATA
    END # end Layer
	
	LAYER # 
        NAME Prime_Industrial_Land
        PROJECTION
            "init=epsg:4326"
        END
        CONNECTIONTYPE   postgis
        CONNECTION       "%(POSTGIS_CONNECTION_STRING)s"
        DATA             "geom from prime_industrial_lands"
        EXTENT           -124.733174 24.543940 -66.950005 49.384359 # US
        STATUS           OFF
        TYPE             POLYGON
        DUMP             TRUE
        HEADER           ./templates/layer_query_header.html
        TEMPLATE         ./templates/layer_query_body.html
        CLASS
            NAME "Prime_Industrial_Land"
            STYLE
                COLOR        232 232 232
                OUTLINECOLOR 0 0 0 
            END
        END
        METADATA
            "wms_title"            "Prime_Industrial_Land"
            "wms_abstract"         "Prime_Industrial_Land"
            "gml_include_items"    "LU,OWNER,LandSupply"
        END  # end METADATA
    END # end Layer
	
	LAYER # 
        NAME HighDensity_Street_Areas
        PROJECTION
            "init=epsg:4326"
        END
        CONNECTIONTYPE   postgis
        CONNECTION       "%(POSTGIS_CONNECTION_STRING)s"
        DATA             "geom from highdensity_street_areas"
        EXTENT           -124.733174 24.543940 -66.950005 49.384359 # US
        STATUS           OFF
        TYPE             POLYGON
        DUMP             TRUE
        HEADER           ./templates/layer_query_header.html
        TEMPLATE         ./templates/layer_query_body.html
        CLASS
            NAME "HighDensity_Street_Areas"
            STYLE
                COLOR        232 232 232
                OUTLINECOLOR 0 0 0 
            END
        END
        METADATA
            "wms_title"            "HighDensity_Street_Areas"
            "wms_abstract"         "HighDensity_Street_Areas"
            "gml_include_items"    "gid,ID"
        END  # end METADATA
    END # end Layer

	#Human Section------------------------------------------------------------
	
	LAYER # 
        NAME game_lands
        PROJECTION
            "init=epsg:4326"
        END
        CONNECTIONTYPE   postgis
        CONNECTION       "%(POSTGIS_CONNECTION_STRING)s"
        DATA             "geom from game_lands"
        EXTENT           -124.733174 24.543940 -66.950005 49.384359 # US
        STATUS           OFF
        TYPE             POLYGON
        DUMP             TRUE
        HEADER           ./templates/layer_query_header.html
        TEMPLATE         ./templates/layer_query_body.html
        CLASS
            NAME "game_lands"
            STYLE
                COLOR        232 232 232
                OUTLINECOLOR 0 0 0 
            END
        END
        METADATA
            "wms_title"            "game_lands"
            "wms_abstract"         "game_lands"
            "gml_include_items"    "gml_hab,gml_own,region"
        END  # end METADATA
    END # end Layer
	
	LAYER # 
        NAME public_trout_rivers
        PROJECTION
            "init=epsg:4326"
        END
        CONNECTIONTYPE   postgis
        CONNECTION       "%(POSTGIS_CONNECTION_STRING)s"
        DATA             "geom from public_trout_rivers"
        EXTENT           -124.733174 24.543940 -66.950005 49.384359 # US
        STATUS           OFF
        TYPE             LINE
        DUMP             TRUE
        HEADER           ./templates/layer_query_header.html
        TEMPLATE         ./templates/layer_query_body.html
        CLASS
            NAME "public_trout_rivers"
            STYLE
                COLOR        232 232 232
                OUTLINECOLOR 0 0 0 
            END
        END
        METADATA
            "wms_title"            "public_trout_rivers"
            "wms_abstract"         "public_trout_rivers"
            "gml_include_items"    "stream_nam,wrc_class"
        END  # end METADATA
    END # end Layer
	
	LAYER # 
        NAME colleges_universities
        PROJECTION
            "init=epsg:4326"
        END
        CONNECTIONTYPE   postgis
        CONNECTION       "%(POSTGIS_CONNECTION_STRING)s"
        DATA             "geom from colleges_universities"
        EXTENT           -124.733174 24.543940 -66.950005 49.384359 # US
        STATUS           OFF
        TYPE             POINT
        DUMP             TRUE
        HEADER           ./templates/layer_query_header.html
        TEMPLATE         ./templates/layer_query_body.html
        CLASS
            NAME "colleges_universities"
            STYLE
                COLOR        232 232 232
                OUTLINECOLOR 0 0 0 
            END
        END
        METADATA
            "wms_title"            "colleges_universities"
            "wms_abstract"         "colleges_universities"
            "gml_include_items"    "NAME,NAICSDESCR,DEGREE"
        END  # end METADATA
    END # end Layer
	
	LAYER # 
        NAME private_schools
        PROJECTION
            "init=epsg:4326"
        END
        CONNECTIONTYPE   postgis
        CONNECTION       "%(POSTGIS_CONNECTION_STRING)s"
        DATA             "geom from private_schools"
        EXTENT           -124.733174 24.543940 -66.950005 49.384359 # US
        STATUS           OFF
        TYPE             POINT
        DUMP             TRUE
        HEADER           ./templates/layer_query_header.html
        TEMPLATE         ./templates/layer_query_body.html
        CLASS
            NAME "private_schools"
            STYLE
                COLOR        232 232 232
                OUTLINECOLOR 0 0 0 
            END
        END
        METADATA
            "wms_title"            "private_schools"
            "wms_abstract"         "private_schools"
            "gml_include_items"    "schl_name,grades"
        END  # end METADATA
    END # end Layer
	
	LAYER # 
        NAME public_schools
        PROJECTION
            "init=epsg:4326"
        END
        CONNECTIONTYPE   postgis
        CONNECTION       "%(POSTGIS_CONNECTION_STRING)s"
        DATA             "geom from public_schools"
        EXTENT           -124.733174 24.543940 -66.950005 49.384359 # US
        STATUS           OFF
        TYPE             POINT
        DUMP             TRUE
        HEADER           ./templates/layer_query_header.html
        TEMPLATE         ./templates/layer_query_body.html
        CLASS
            NAME "public_schools"
            STYLE
                COLOR        232 232 232
                OUTLINECOLOR 0 0 0 
            END
        END
        METADATA
            "wms_title"            "public_schools"
            "wms_abstract"         "public_schools"
            "gml_include_items"    "school_nam,gid"
        END  # end METADATA
    END # end Layer
	
	LAYER # 
        NAME hospitals
        PROJECTION
            "init=epsg:4326"
        END
        CONNECTIONTYPE   postgis
        CONNECTION       "%(POSTGIS_CONNECTION_STRING)s"
        DATA             "geom from hospitals"
        EXTENT           -124.733174 24.543940 -66.950005 49.384359 # US
        STATUS           OFF
        TYPE             POINT
        DUMP             TRUE
        HEADER           ./templates/layer_query_header.html
        TEMPLATE         ./templates/layer_query_body.html
        CLASS
            NAME "hospitals"
            STYLE
                COLOR        232 232 232
                OUTLINECOLOR 0 0 0 
            END
        END
        METADATA
            "wms_title"            "hospitals"
            "wms_abstract"         "hospitals"
            "gml_include_items"    "name,naicsdescr"
        END  # end METADATA
    END # end Layer
	
	LAYER # 
        NAME medical_facilities
        PROJECTION
            "init=epsg:4326"
        END
        CONNECTIONTYPE   postgis
        CONNECTION       "%(POSTGIS_CONNECTION_STRING)s"
        DATA             "geom from medical_facilities"
        EXTENT           -124.733174 24.543940 -66.950005 49.384359 # US
        STATUS           OFF
        TYPE             POINT
        DUMP             TRUE
        HEADER           ./templates/layer_query_header.html
        TEMPLATE         ./templates/layer_query_body.html
        CLASS
            NAME "medical_facilities"
            STYLE
                COLOR        232 232 232
                OUTLINECOLOR 0 0 0 
            END
        END
        METADATA
            "wms_title"            "medical_facilities"
            "wms_abstract"         "medical_facilities"
            "gml_include_items"    "STYPE,FACILITY"
        END  # end METADATA
    END # end Layer
	
	LAYER # 
        NAME public_health_centers
        PROJECTION
            "init=epsg:4326"
        END
        CONNECTIONTYPE   postgis
        CONNECTION       "%(POSTGIS_CONNECTION_STRING)s"
        DATA             "geom from public_health_centers"
        EXTENT           -124.733174 24.543940 -66.950005 49.384359 # US
        STATUS           OFF
        TYPE             POINT
        DUMP             TRUE
        HEADER           ./templates/layer_query_header.html
        TEMPLATE         ./templates/layer_query_body.html
        CLASS
            NAME "public_health_centers"
            STYLE
                COLOR        232 232 232
                OUTLINECOLOR 0 0 0 
            END
        END
        METADATA
            "wms_title"            "public_health_centers"
            "wms_abstract"         "public_health_centers"
            "gml_include_items"    "name,naicsdescr"
        END  # end METADATA
    END # end Layer
	
	LAYER # 
        NAME Camps_Cultural_Features
        PROJECTION
            "init=epsg:4326"
        END
        CONNECTIONTYPE   postgis
        CONNECTION       "%(POSTGIS_CONNECTION_STRING)s"
        DATA             "geom from camps_cultural_features"
        EXTENT           -124.733174 24.543940 -66.950005 49.384359 # US
        STATUS           OFF
        TYPE             POINT
        DUMP             TRUE
        HEADER           ./templates/layer_query_header.html
        TEMPLATE         ./templates/layer_query_body.html
        CLASS
            NAME "Camps_Cultural_Features"
            STYLE
                COLOR        232 232 232
                OUTLINECOLOR 0 0 0 
            END
        END
        METADATA
            "wms_title"            "Camps_Cultural_Features"
            "wms_abstract"         "Camps_Cultural_Features"
            "gml_include_items"    "gid,LABEL,NAME"
        END  # end METADATA
    END # end Layer
	
	LAYER # 
        NAME Key_Locations_and_Parks
        PROJECTION
            "init=epsg:4326"
        END
        CONNECTIONTYPE   postgis
        CONNECTION       "%(POSTGIS_CONNECTION_STRING)s"
        DATA             "geom from key_locations_and_parks_esri"
        EXTENT           -124.733174 24.543940 -66.950005 49.384359 # US
        STATUS           OFF
        TYPE             POINT
        DUMP             TRUE
        HEADER           ./templates/layer_query_header.html
        TEMPLATE         ./templates/layer_query_body.html
        CLASS
            NAME "Key_Locations_and_Parks"
            STYLE
                COLOR        232 232 232
                OUTLINECOLOR 0 0 0 
            END
        END
        METADATA
            "wms_title"            "Key_Locations_and_Parks"
            "wms_abstract"         "Key_Locations_and_Parks"
            "gml_include_items"    "name,gid"
        END  # end METADATA
    END # end Layer
	
	LAYER # 
        NAME Mountain_Peaks
        PROJECTION
            "init=epsg:4326"
        END
        CONNECTIONTYPE   postgis
        CONNECTION       "%(POSTGIS_CONNECTION_STRING)s"
        DATA             "geom from mountain_peaks"
        EXTENT           -124.733174 24.543940 -66.950005 49.384359 # US
        STATUS           OFF
        TYPE             POINT
        DUMP             TRUE
        HEADER           ./templates/layer_query_header.html
        TEMPLATE         ./templates/layer_query_body.html
        CLASS
            NAME "Mountain_Peaks"
            STYLE
                COLOR        232 232 232
                OUTLINECOLOR 0 0 0 
            END
        END
        METADATA
            "wms_title"            "Mountain_Peaks"
            "wms_abstract"         "Mountain_Peaks"
            "gml_include_items"    "NAME,ELEV_FEET"
        END  # end METADATA
    END # end Layer
	
	LAYER # 
        NAME Mountain_Peaks_3000ft
        PROJECTION
            "init=epsg:4326"
        END
        CONNECTIONTYPE   postgis
        CONNECTION       "%(POSTGIS_CONNECTION_STRING)s"
        DATA             "geom from mountain_peaks_3000ft"
        EXTENT           -124.733174 24.543940 -66.950005 49.384359 # US
        STATUS           OFF
        TYPE             POINT
        DUMP             TRUE
        HEADER           ./templates/layer_query_header.html
        TEMPLATE         ./templates/layer_query_body.html
        CLASS
            NAME "Mountain_Peaks_3000ft"
            STYLE
                COLOR        232 232 232
                OUTLINECOLOR 0 0 0 
            END
        END
        METADATA
            "wms_title"            "Mountain_Peaks_3000ft"
            "wms_abstract"         "Mountain_Peaks_3000ft"
            "gml_include_items"    "NAME,ELEV_FEET"
        END  # end METADATA
    END # end Layer
	
	LAYER # 
        NAME Schools_All_HalfMile_Buffer
        PROJECTION
            "init=epsg:4326"
        END
        CONNECTIONTYPE   postgis
        CONNECTION       "%(POSTGIS_CONNECTION_STRING)s"
        DATA             "geom from schools_all_halfmile_buffer"
        EXTENT           -124.733174 24.543940 -66.950005 49.384359 # US
        STATUS           OFF
        TYPE             POLYGON
        DUMP             TRUE
        HEADER           ./templates/layer_query_header.html
        TEMPLATE         ./templates/layer_query_body.html
        CLASS
            NAME "Schools_All_HalfMile_Buffer"
            STYLE
                COLOR        232 232 232
                OUTLINECOLOR 0 0 0 
            END
        END
        METADATA
            "wms_title"            "Schools_All_HalfMile_Buffer"
            "wms_abstract"         "Schools_All_HalfMile_Buffer"
            "gml_include_items"    "all"
        END  # end METADATA
    END # end Layer
	
	LAYER # 
        NAME DriveTime_5min_HealthCare_Facilities
        PROJECTION
            "init=epsg:4326"
        END
        CONNECTIONTYPE   postgis
        CONNECTION       "%(POSTGIS_CONNECTION_STRING)s"
        DATA             "geom from drivetime_5min_healthcare_facilities"
        EXTENT           -124.733174 24.543940 -66.950005 49.384359 # US
        STATUS           OFF
        TYPE             POLYGON
        DUMP             TRUE
        HEADER           ./templates/layer_query_header.html
        TEMPLATE         ./templates/layer_query_body.html
        CLASS
            NAME "DriveTime_5min_HealthCare_Facilities"
            STYLE
                COLOR        232 232 232
                OUTLINECOLOR 0 0 0 
            END
        END
        METADATA
            "wms_title"            "DriveTime_5min_HealthCare_Facilities"
            "wms_abstract"         "DriveTime_5min_HealthCare_Facilities"
            "gml_include_items"    "Name,gid"
        END  # end METADATA
    END # end Layer
	
	LAYER # 
        NAME DriveTime_10min_Hospitals
        PROJECTION
            "init=epsg:4326"
        END
        CONNECTIONTYPE   postgis
        CONNECTION       "%(POSTGIS_CONNECTION_STRING)s"
        DATA             "geom from drivetime_10min_hospitals"
        EXTENT           -124.733174 24.543940 -66.950005 49.384359 # US
        STATUS           OFF
        TYPE             POLYGON
        DUMP             TRUE
        HEADER           ./templates/layer_query_header.html
        TEMPLATE         ./templates/layer_query_body.html
        CLASS
            NAME "DriveTime_10min_Hospitals"
            STYLE
                COLOR        232 232 232
                OUTLINECOLOR 0 0 0 
            END
        END
        METADATA
            "wms_title"            "DriveTime_10min_Hospitals"
            "wms_abstract"         "DriveTime_10min_Hospitals"
            "gml_include_items"    "Name,gid"
        END  # end METADATA
    END # end Layer
	
	#Political Boundaries Section------------------------------------------------------------
	
	LAYER # 
        NAME urban_areas
        PROJECTION
            "init=epsg:4326"
        END
        CONNECTIONTYPE   postgis
        CONNECTION       "%(POSTGIS_CONNECTION_STRING)s"
        DATA             "geom from urban_areas"
        EXTENT           -124.733174 24.543940 -66.950005 49.384359 # US
        STATUS           OFF
        TYPE             POLYGON
        DUMP             TRUE
        HEADER           ./templates/layer_query_header.html
        TEMPLATE         ./templates/layer_query_body.html
        CLASS
            NAME "urban_areas"
            STYLE
                COLOR        232 232 232
                OUTLINECOLOR 0 0 0 
            END
        END
        METADATA
            "wms_title"            "urban_areas"
            "wms_abstract"         "urban_areas"
            "gml_include_items"    "name,pop2000"
        END  # end METADATA
    END # end Layer
	
	LAYER # 
        NAME census_blocks_2010
        PROJECTION
            "init=epsg:4326"
        END
        CONNECTIONTYPE   postgis
        CONNECTION       "%(POSTGIS_CONNECTION_STRING)s"
        DATA             "geom from census_blocks_2010"
        EXTENT           -124.733174 24.543940 -66.950005 49.384359 # US
        STATUS           OFF
        TYPE             POLYGON
        DUMP             TRUE
        HEADER           ./templates/layer_query_header.html
        TEMPLATE         ./templates/layer_query_body.html
        CLASS
            NAME "census_blocks_2010"
            STYLE
                COLOR        232 232 232
                OUTLINECOLOR 0 0 0 
            END
        END
        METADATA
            "wms_title"            "census_blocks_2010"
            "wms_abstract"         "census_blocks_2010"
            "gml_include_items"    "name10,gid,geoid10"
        END  # end METADATA
    END # end Layer
	
	LAYER # 
        NAME census_block_groups_2010
        PROJECTION
            "init=epsg:4326"
        END
        CONNECTIONTYPE   postgis
        CONNECTION       "%(POSTGIS_CONNECTION_STRING)s"
        DATA             "geom from census_block_groups_2010"
        EXTENT           -124.733174 24.543940 -66.950005 49.384359 # US
        STATUS           OFF
        TYPE             POLYGON
        DUMP             TRUE
        HEADER           ./templates/layer_query_header.html
        TEMPLATE         ./templates/layer_query_body.html
        CLASS
            NAME "census_block_groups_2010"
            STYLE
                COLOR        232 232 232
                OUTLINECOLOR 0 0 0 
            END
        END
        METADATA
            "wms_title"            "census_block_groups_2010"
            "wms_abstract"         "census_block_groups_2010"
            "gml_include_items"    "namelsad10,geoid10,sqmiles"
        END  # end METADATA
    END # end Layer
	
	LAYER # 
        NAME census_tracts_2010
        PROJECTION
            "init=epsg:4326"
        END
        CONNECTIONTYPE   postgis
        CONNECTION       "%(POSTGIS_CONNECTION_STRING)s"
        DATA             "geom from census_tracts_2010"
        EXTENT           -124.733174 24.543940 -66.950005 49.384359 # US
        STATUS           OFF
        TYPE             POLYGON
        DUMP             TRUE
        HEADER           ./templates/layer_query_header.html
        TEMPLATE         ./templates/layer_query_body.html
        CLASS
            NAME "census_tracts_2010"
            STYLE
                COLOR        232 232 232
                OUTLINECOLOR 0 0 0 
            END
        END
        METADATA
            "wms_title"            "census_tracts_2010"
            "wms_abstract"         "census_tracts_2010"
            "gml_include_items"    "name10,gid,geoid10"
        END  # end METADATA
    END # end Layer
	
	LAYER # 
        NAME communities_incorporated
        PROJECTION
            "init=epsg:4326"
        END
        CONNECTIONTYPE   postgis
        CONNECTION       "%(POSTGIS_CONNECTION_STRING)s"
        DATA             "geom from communities_incorporated"
        EXTENT           -124.733174 24.543940 -66.950005 49.384359 # US
        STATUS           OFF
        TYPE             POLYGON
        DUMP             TRUE
        HEADER           ./templates/layer_query_header.html
        TEMPLATE         ./templates/layer_query_body.html
        CLASS
            NAME "communities_incorporated"
            STYLE
                COLOR        232 232 232
                OUTLINECOLOR 0 0 0 
            END
        END
        METADATA
            "wms_title"            "communities_incorporated"
            "wms_abstract"         "communities_incorporated"
            "gml_include_items"    "name,gid,fips"
        END  # end METADATA
    END # end Layer
	
	LAYER # 
        NAME communities_other
        PROJECTION
            "init=epsg:4326"
        END
        CONNECTIONTYPE   postgis
        CONNECTION       "%(POSTGIS_CONNECTION_STRING)s"
        DATA             "geom from communities_other"
        EXTENT           -124.733174 24.543940 -66.950005 49.384359 # US
        STATUS           OFF
        TYPE             POLYGON
        DUMP             TRUE
        HEADER           ./templates/layer_query_header.html
        TEMPLATE         ./templates/layer_query_body.html
        CLASS
            NAME "communities_other"
            STYLE
                COLOR        232 232 232
                OUTLINECOLOR 0 0 0 
            END
        END
        METADATA
            "wms_title"            "communities_other"
            "wms_abstract"         "communities_other"
            "gml_include_items"    "name,gid,fips"
        END  # end METADATA
    END # end Layer
	
	LAYER # 
        NAME county_boundaries
        PROJECTION
            "init=epsg:4326"
        END
        CONNECTIONTYPE   postgis
        CONNECTION       "%(POSTGIS_CONNECTION_STRING)s"
        DATA             "geom from county_boundaries"
        EXTENT           -124.733174 24.543940 -66.950005 49.384359 # US
        STATUS           OFF
        TYPE             POLYGON
        DUMP             TRUE
        HEADER           ./templates/layer_query_header.html
        TEMPLATE         ./templates/layer_query_body.html
		LABELITEM    	 "co_name"
        CLASS
            NAME "county_boundaries"
            STYLE
                #COLOR        232 232 232
                OUTLINECOLOR 0 0 0 
            END
		    LABEL
				TYPE TRUETYPE
				FONT arial-bold
				SIZE 12
				ANTIALIAS TRUE
				POSITION CL
				PARTIALS FALSE
				MINDISTANCE 300
				BUFFER 4
				STYLE    # since to version 6
				  GEOMTRANSFORM 'labelpoly'
				  #COLOR 218 218 218
				  OFFSET 2 2
				END # STYLE
		    END # end of label		
        END
        METADATA
            "wms_title"            "county_boundaries"
            "wms_abstract"         "county_boundaries"
            "gml_include_items"    "co_name,acres,pop2000"
        END  # end METADATA
    END # end Layer
	
	LAYER # 
        NAME county_seats
        PROJECTION
            "init=epsg:4326"
        END
        CONNECTIONTYPE   postgis
        CONNECTION       "%(POSTGIS_CONNECTION_STRING)s"
        DATA             "geom from county_seats"
        EXTENT           -124.733174 24.543940 -66.950005 49.384359 # US
        STATUS           OFF
        TYPE             POINT
        DUMP             TRUE
        HEADER           ./templates/layer_query_header.html
        TEMPLATE         ./templates/layer_query_body.html
        CLASS
            NAME "county_seats"
            STYLE
                COLOR        232 232 232
                OUTLINECOLOR 0 0 0 
            END
        END
        METADATA
            "wms_title"            "county_seats"
            "wms_abstract"         "county_seats"
            "gml_include_items"    "name,pop2000"
        END  # end METADATA
    END # end Layer
	
	LAYER # 
        NAME federal_lands
        PROJECTION
            "init=epsg:4326"
        END
        CONNECTIONTYPE   postgis
        CONNECTION       "%(POSTGIS_CONNECTION_STRING)s"
        DATA             "geom from federal_lands"
        EXTENT           -124.733174 24.543940 -66.950005 49.384359 # US
        STATUS           OFF
        TYPE             POLYGON
        DUMP             TRUE
        HEADER           ./templates/layer_query_header.html
        TEMPLATE         ./templates/layer_query_body.html
        CLASS
            NAME "federal_lands"
            STYLE
                COLOR        232 232 232
                OUTLINECOLOR 0 0 0 
            END
        END
        METADATA
            "wms_title"            "federal_lands"
            "wms_abstract"         "federal_lands"
            "gml_include_items"    "ma_name,owner"
        END  # end METADATA
    END # end Layer
	
	LAYER # 
        NAME municipal_boundaries
        PROJECTION
            "init=epsg:4326"
        END
        CONNECTIONTYPE   postgis
        CONNECTION       "%(POSTGIS_CONNECTION_STRING)s"
        DATA             "geom from municipal_boundaries"
        EXTENT           -124.733174 24.543940 -66.950005 49.384359 # US
        STATUS           OFF
        TYPE             POLYGON
        DUMP             TRUE
        HEADER           ./templates/layer_query_header.html
        TEMPLATE         ./templates/layer_query_body.html
        CLASS
            NAME "municipal_boundaries"
            STYLE
                COLOR        232 232 232
                OUTLINECOLOR 0 0 0 
            END
        END
        METADATA
            "wms_title"            "municipal_boundaries"
            "wms_abstract"         "municipal_boundaries"
            "gml_include_items"    "mb_name,pop_est,pop_est_yr"
        END  # end METADATA
    END # end Layer
	
	LAYER # 
        NAME populated_places
        PROJECTION
            "init=epsg:4326"
        END
        CONNECTIONTYPE   postgis
        CONNECTION       "%(POSTGIS_CONNECTION_STRING)s"
        DATA             "geom from populated_places_esri"
        EXTENT           -124.733174 24.543940 -66.950005 49.384359 # US
        STATUS           OFF
        TYPE             POINT
        DUMP             TRUE
        HEADER           ./templates/layer_query_header.html
        TEMPLATE         ./templates/layer_query_body.html
        CLASS
            NAME "populated_places"
            STYLE
                COLOR        232 232 232
                OUTLINECOLOR 0 0 0 
            END
        END
        METADATA
            "wms_title"            "populated_places"
            "wms_abstract"         "populated_places"
            "gml_include_items"    "name,elev_meter"
        END  # end METADATA
    END # end Layer
	
	LAYER # 
        NAME state_owned_lands
        PROJECTION
            "init=epsg:4326"
        END
        CONNECTIONTYPE   postgis
        CONNECTION       "%(POSTGIS_CONNECTION_STRING)s"
        DATA             "geom from state_owned_lands"
        EXTENT           -124.733174 24.543940 -66.950005 49.384359 # US
        STATUS           OFF
        TYPE             POLYGON
        DUMP             TRUE
        HEADER           ./templates/layer_query_header.html
        TEMPLATE         ./templates/layer_query_body.html
        CLASS
            NAME "state_owned_lands"
            STYLE
                COLOR        232 232 232
                OUTLINECOLOR 0 0 0 
            END
        END
        METADATA
            "wms_title"            "state_owned_lands"
            "wms_abstract"         "state_owned_lands"
            "gml_include_items"    "complex_na,dept_name,div_name"
        END  # end METADATA
    END # end Layer
	
	LAYER # 
        NAME zip_codes
        PROJECTION
            "init=epsg:4326"
        END
        CONNECTIONTYPE   postgis
        CONNECTION       "%(POSTGIS_CONNECTION_STRING)s"
        DATA             "geom from zip_codes"
        EXTENT           -124.733174 24.543940 -66.950005 49.384359 # US
        STATUS           OFF
        TYPE             POLYGON
        DUMP             TRUE
        HEADER           ./templates/layer_query_header.html
        TEMPLATE         ./templates/layer_query_body.html
        CLASS
            NAME "zip_codes"
            STYLE
                COLOR        232 232 232
                OUTLINECOLOR 0 0 0 
            END
        END
        METADATA
            "wms_title"            "zip_codes"
            "wms_abstract"         "zip_codes"
            "gml_include_items"    "zip,po_name"
        END  # end METADATA
    END # end Layer
	
END